Archive member included to satisfy reference by file (symbol)

C:/ST/STM32CubeIDE_1.16.1/STM32CubeIDE/plugins/com.st.stm32cube.ide.mcu.externaltools.gnu-tools-for-stm32.12.3.rel1.win32_1.0.200.202406191623/tools/bin/../lib/gcc/arm-none-eabi/12.3.1/../../../../arm-none-eabi/lib/thumb/v7e-m+fp/hard\libstdc++_nano.a(del_ops.o)
                              ./Core/Src/Drivers/ILI9341.o (operator delete(void*, unsigned int))
C:/ST/STM32CubeIDE_1.16.1/STM32CubeIDE/plugins/com.st.stm32cube.ide.mcu.externaltools.gnu-tools-for-stm32.12.3.rel1.win32_1.0.200.202406191623/tools/bin/../lib/gcc/arm-none-eabi/12.3.1/../../../../arm-none-eabi/lib/thumb/v7e-m+fp/hard\libstdc++_nano.a(del_op.o)
                              C:/ST/STM32CubeIDE_1.16.1/STM32CubeIDE/plugins/com.st.stm32cube.ide.mcu.externaltools.gnu-tools-for-stm32.12.3.rel1.win32_1.0.200.202406191623/tools/bin/../lib/gcc/arm-none-eabi/12.3.1/../../../../arm-none-eabi/lib/thumb/v7e-m+fp/hard\libstdc++_nano.a(del_ops.o) (operator delete(void*))
C:/ST/STM32CubeIDE_1.16.1/STM32CubeIDE/plugins/com.st.stm32cube.ide.mcu.externaltools.gnu-tools-for-stm32.12.3.rel1.win32_1.0.200.202406191623/tools/bin/../lib/gcc/arm-none-eabi/12.3.1/../../../../arm-none-eabi/lib/thumb/v7e-m+fp/hard\libc_nano.a(libc_a-exit.o)
                              C:/ST/STM32CubeIDE_1.16.1/STM32CubeIDE/plugins/com.st.stm32cube.ide.mcu.externaltools.gnu-tools-for-stm32.12.3.rel1.win32_1.0.200.202406191623/tools/bin/../lib/gcc/arm-none-eabi/12.3.1/../../../../arm-none-eabi/lib/thumb/v7e-m+fp/hard/crt0.o (exit)
C:/ST/STM32CubeIDE_1.16.1/STM32CubeIDE/plugins/com.st.stm32cube.ide.mcu.externaltools.gnu-tools-for-stm32.12.3.rel1.win32_1.0.200.202406191623/tools/bin/../lib/gcc/arm-none-eabi/12.3.1/../../../../arm-none-eabi/lib/thumb/v7e-m+fp/hard\libc_nano.a(libc_a-malloc.o)
                              C:/ST/STM32CubeIDE_1.16.1/STM32CubeIDE/plugins/com.st.stm32cube.ide.mcu.externaltools.gnu-tools-for-stm32.12.3.rel1.win32_1.0.200.202406191623/tools/bin/../lib/gcc/arm-none-eabi/12.3.1/../../../../arm-none-eabi/lib/thumb/v7e-m+fp/hard\libstdc++_nano.a(del_op.o) (free)
C:/ST/STM32CubeIDE_1.16.1/STM32CubeIDE/plugins/com.st.stm32cube.ide.mcu.externaltools.gnu-tools-for-stm32.12.3.rel1.win32_1.0.200.202406191623/tools/bin/../lib/gcc/arm-none-eabi/12.3.1/../../../../arm-none-eabi/lib/thumb/v7e-m+fp/hard\libc_nano.a(libc_a-mallocr.o)
                              C:/ST/STM32CubeIDE_1.16.1/STM32CubeIDE/plugins/com.st.stm32cube.ide.mcu.externaltools.gnu-tools-for-stm32.12.3.rel1.win32_1.0.200.202406191623/tools/bin/../lib/gcc/arm-none-eabi/12.3.1/../../../../arm-none-eabi/lib/thumb/v7e-m+fp/hard\libc_nano.a(libc_a-malloc.o) (_malloc_r)
C:/ST/STM32CubeIDE_1.16.1/STM32CubeIDE/plugins/com.st.stm32cube.ide.mcu.externaltools.gnu-tools-for-stm32.12.3.rel1.win32_1.0.200.202406191623/tools/bin/../lib/gcc/arm-none-eabi/12.3.1/../../../../arm-none-eabi/lib/thumb/v7e-m+fp/hard\libc_nano.a(libc_a-mlock.o)
                              C:/ST/STM32CubeIDE_1.16.1/STM32CubeIDE/plugins/com.st.stm32cube.ide.mcu.externaltools.gnu-tools-for-stm32.12.3.rel1.win32_1.0.200.202406191623/tools/bin/../lib/gcc/arm-none-eabi/12.3.1/../../../../arm-none-eabi/lib/thumb/v7e-m+fp/hard\libc_nano.a(libc_a-mallocr.o) (__malloc_lock)
C:/ST/STM32CubeIDE_1.16.1/STM32CubeIDE/plugins/com.st.stm32cube.ide.mcu.externaltools.gnu-tools-for-stm32.12.3.rel1.win32_1.0.200.202406191623/tools/bin/../lib/gcc/arm-none-eabi/12.3.1/../../../../arm-none-eabi/lib/thumb/v7e-m+fp/hard\libc_nano.a(libc_a-findfp.o)
                              ./Middlewares/Third_Party/FreeRTOS/Source/tasks.o (__sf)
C:/ST/STM32CubeIDE_1.16.1/STM32CubeIDE/plugins/com.st.stm32cube.ide.mcu.externaltools.gnu-tools-for-stm32.12.3.rel1.win32_1.0.200.202406191623/tools/bin/../lib/gcc/arm-none-eabi/12.3.1/../../../../arm-none-eabi/lib/thumb/v7e-m+fp/hard\libc_nano.a(libc_a-fwalk.o)
                              C:/ST/STM32CubeIDE_1.16.1/STM32CubeIDE/plugins/com.st.stm32cube.ide.mcu.externaltools.gnu-tools-for-stm32.12.3.rel1.win32_1.0.200.202406191623/tools/bin/../lib/gcc/arm-none-eabi/12.3.1/../../../../arm-none-eabi/lib/thumb/v7e-m+fp/hard\libc_nano.a(libc_a-findfp.o) (_fwalk_sglue)
C:/ST/STM32CubeIDE_1.16.1/STM32CubeIDE/plugins/com.st.stm32cube.ide.mcu.externaltools.gnu-tools-for-stm32.12.3.rel1.win32_1.0.200.202406191623/tools/bin/../lib/gcc/arm-none-eabi/12.3.1/../../../../arm-none-eabi/lib/thumb/v7e-m+fp/hard\libc_nano.a(libc_a-stdio.o)
                              C:/ST/STM32CubeIDE_1.16.1/STM32CubeIDE/plugins/com.st.stm32cube.ide.mcu.externaltools.gnu-tools-for-stm32.12.3.rel1.win32_1.0.200.202406191623/tools/bin/../lib/gcc/arm-none-eabi/12.3.1/../../../../arm-none-eabi/lib/thumb/v7e-m+fp/hard\libc_nano.a(libc_a-findfp.o) (__sread)
[...]
Memory Configuration

Name             Origin             Length             Attributes
RAM              0x20000000         0x00050000         xrw
RAM2             0x10000000         0x00010000         xrw
FLASH            0x08000000         0x00100000         xr
*default*        0x00000000         0xffffffff

Linker script and memory map

LOAD C:/ST/STM32CubeIDE_1.16.1/STM32CubeIDE/plugins/com.st.stm32cube.ide.mcu.externaltools.gnu-tools-for-stm32.12.3.rel1.win32_1.0.200.202406191623/tools/bin/../lib/gcc/arm-none-eabi/12.3.1/thumb/v7e-m+fp/hard/crti.o
LOAD C:/ST/STM32CubeIDE_1.16.1/STM32CubeIDE/plugins/com.st.stm32cube.ide.mcu.externaltools.gnu-tools-for-stm32.12.3.rel1.win32_1.0.200.202406191623/tools/bin/../lib/gcc/arm-none-eabi/12.3.1/thumb/v7e-m+fp/hard/crtbegin.o
LOAD C:/ST/STM32CubeIDE_1.16.1/STM32CubeIDE/plugins/com.st.stm32cube.ide.mcu.externaltools.gnu-tools-for-stm32.12.3.rel1.win32_1.0.200.202406191623/tools/bin/../lib/gcc/arm-none-eabi/12.3.1/../../../../arm-none-eabi/lib/thumb/v7e-m+fp/hard/crt0.o
LOAD ./Core/Src/Drivers/ILI9341.o
LOAD ./Core/Src/Drivers/TCAL9538RSVR.o
LOAD ./Core/Src/User.o
LOAD ./Core/Src/freertos.o
LOAD ./Core/Src/main.o
LOAD ./Core/Src/stm32l4xx_hal_msp.o
LOAD ./Core/Src/stm32l4xx_hal_timebase_tim.o
LOAD ./Core/Src/stm32l4xx_it.o
LOAD ./Core/Src/syscalls.o
LOAD ./Core/Src/sysmem.o
LOAD ./Core/Src/system_stm32l4xx.o
LOAD ./Core/Startup/startup_stm32l496rgtx.o
LOAD ./Drivers/STM32L4xx_HAL_Driver/Src/stm32l4xx_hal.o
LOAD ./Drivers/STM32L4xx_HAL_Driver/Src/stm32l4xx_hal_adc.o
LOAD ./Drivers/STM32L4xx_HAL_Driver/Src/stm32l4xx_hal_adc_ex.o
LOAD ./Drivers/STM32L4xx_HAL_Driver/Src/stm32l4xx_hal_can.o
LOAD ./Drivers/STM32L4xx_HAL_Driver/Src/stm32l4xx_hal_cortex.o
LOAD ./Drivers/STM32L4xx_HAL_Driver/Src/stm32l4xx_hal_dma.o
LOAD ./Drivers/STM32L4xx_HAL_Driver/Src/stm32l4xx_hal_dma_ex.o
LOAD ./Drivers/STM32L4xx_HAL_Driver/Src/stm32l4xx_hal_exti.o
LOAD ./Drivers/STM32L4xx_HAL_Driver/Src/stm32l4xx_hal_flash.o
LOAD ./Drivers/STM32L4xx_HAL_Driver/Src/stm32l4xx_hal_flash_ex.o
LOAD ./Drivers/STM32L4xx_HAL_Driver/Src/stm32l4xx_hal_flash_ramfunc.o
LOAD ./Drivers/STM32L4xx_HAL_Driver/Src/stm32l4xx_hal_gpio.o
LOAD ./Drivers/STM32L4xx_HAL_Driver/Src/stm32l4xx_hal_i2c.o
LOAD ./Drivers/STM32L4xx_HAL_Driver/Src/stm32l4xx_hal_i2c_ex.o
LOAD ./Drivers/STM32L4xx_HAL_Driver/Src/stm32l4xx_hal_pwr.o
LOAD ./Drivers/STM32L4xx_HAL_Driver/Src/stm32l4xx_hal_pwr_ex.o
LOAD ./Drivers/STM32L4xx_HAL_Driver/Src/stm32l4xx_hal_rcc.o
LOAD ./Drivers/STM32L4xx_HAL_Driver/Src/stm32l4xx_hal_rcc_ex.o
LOAD ./Drivers/STM32L4xx_HAL_Driver/Src/stm32l4xx_hal_tim.o
LOAD ./Drivers/STM32L4xx_HAL_Driver/Src/stm32l4xx_hal_tim_ex.o
LOAD ./Drivers/STM32L4xx_HAL_Driver/Src/stm32l4xx_hal_uart.o
LOAD ./Drivers/STM32L4xx_HAL_Driver/Src/stm32l4xx_hal_uart_ex.o
LOAD ./Middlewares/Third_Party/FreeRTOS/Source/CMSIS_RTOS_V2/cmsis_os2.o
LOAD ./Middlewares/Third_Party/FreeRTOS/Source/croutine.o
LOAD ./Middlewares/Third_Party/FreeRTOS/Source/event_groups.o
LOAD ./Middlewares/Third_Party/FreeRTOS/Source/list.o
LOAD ./Middlewares/Third_Party/FreeRTOS/Source/queue.o
LOAD ./Middlewares/Third_Party/FreeRTOS/Source/stream_buffer.o
LOAD ./Middlewares/Third_Party/FreeRTOS/Source/tasks.o
LOAD ./Middlewares/Third_Party/FreeRTOS/Source/timers.o
LOAD ./Middlewares/Third_Party/FreeRTOS/Source/portable/GCC/ARM_CM4F/port.o
LOAD ./Middlewares/Third_Party/FreeRTOS/Source/portable/MemMang/heap_4.o
START GROUP
LOAD C:/ST/STM32CubeIDE_1.16.1/STM32CubeIDE/plugins/com.st.stm32cube.ide.mcu.externaltools.gnu-tools-for-stm32.12.3.rel1.win32_1.0.200.202406191623/tools/bin/../lib/gcc/arm-none-eabi/12.3.1/../../../../arm-none-eabi/lib/thumb/v7e-m+fp/hard\libstdc++_nano.a
LOAD C:/ST/STM32CubeIDE_1.16.1/STM32CubeIDE/plugins/com.st.stm32cube.ide.mcu.externaltools.gnu-tools-for-stm32.12.3.rel1.win32_1.0.200.202406191623/tools/bin/../lib/gcc/arm-none-eabi/12.3.1/../../../../arm-none-eabi/lib/thumb/v7e-m+fp/hard\libsupc++_nano.a
END GROUP
LOAD C:/ST/STM32CubeIDE_1.16.1/STM32CubeIDE/plugins/com.st.stm32cube.ide.mcu.externaltools.gnu-tools-for-stm32.12.3.rel1.win32_1.0.200.202406191623/tools/bin/../lib/gcc/arm-none-eabi/12.3.1/../../../../arm-none-eabi/lib/thumb/v7e-m+fp/hard\libstdc++_nano.a
LOAD C:/ST/STM32CubeIDE_1.16.1/STM32CubeIDE/plugins/com.st.stm32cube.ide.mcu.externaltools.gnu-tools-for-stm32.12.3.rel1.win32_1.0.200.202406191623/tools/bin/../lib/gcc/arm-none-eabi/12.3.1/../../../../arm-none-eabi/lib/thumb/v7e-m+fp/hard\libm.a
LOAD C:/ST/STM32CubeIDE_1.16.1/STM32CubeIDE/plugins/com.st.stm32cube.ide.mcu.externaltools.gnu-tools-for-stm32.12.3.rel1.win32_1.0.200.202406191623/tools/bin/../lib/gcc/arm-none-eabi/12.3.1/../../../../arm-none-eabi/lib/thumb/v7e-m+fp/hard\libc_nano.a
START GROUP
LOAD C:/ST/STM32CubeIDE_1.16.1/STM32CubeIDE/plugins/com.st.stm32cube.ide.mcu.externaltools.gnu-tools-for-stm32.12.3.rel1.win32_1.0.200.202406191623/tools/bin/../lib/gcc/arm-none-eabi/12.3.1/thumb/v7e-m+fp/hard\libgcc.a
LOAD C:/ST/STM32CubeIDE_1.16.1/STM32CubeIDE/plugins/com.st.stm32cube.ide.mcu.externaltools.gnu-tools-for-stm32.12.3.rel1.win32_1.0.200.202406191623/tools/bin/../lib/gcc/arm-none-eabi/12.3.1/../../../../arm-none-eabi/lib/thumb/v7e-m+fp/hard\libc_nano.a
END GROUP
START GROUP
LOAD C:/ST/STM32CubeIDE_1.16.1/STM32CubeIDE/plugins/com.st.stm32cube.ide.mcu.externaltools.gnu-tools-for-stm32.12.3.rel1.win32_1.0.200.202406191623/tools/bin/../lib/gcc/arm-none-eabi/12.3.1/thumb/v7e-m+fp/hard\libgcc.a
LOAD C:/ST/STM32CubeIDE_1.16.1/STM32CubeIDE/plugins/com.st.stm32cube.ide.mcu.externaltools.gnu-tools-for-stm32.12.3.rel1.win32_1.0.200.202406191623/tools/bin/../lib/gcc/arm-none-eabi/12.3.1/../../../../arm-none-eabi/lib/thumb/v7e-m+fp/hard\libc_nano.a
LOAD C:/ST/STM32CubeIDE_1.16.1/STM32CubeIDE/plugins/com.st.stm32cube.ide.mcu.externaltools.gnu-tools-for-stm32.12.3.rel1.win32_1.0.200.202406191623/tools/bin/../lib/gcc/arm-none-eabi/12.3.1/../../../../arm-none-eabi/lib/thumb/v7e-m+fp/hard\libnosys.a
END GROUP
START GROUP
LOAD C:/ST/STM32CubeIDE_1.16.1/STM32CubeIDE/plugins/com.st.stm32cube.ide.mcu.externaltools.gnu-tools-for-stm32.12.3.rel1.win32_1.0.200.202406191623/tools/bin/../lib/gcc/arm-none-eabi/12.3.1/thumb/v7e-m+fp/hard\libgcc.a
LOAD C:/ST/STM32CubeIDE_1.16.1/STM32CubeIDE/plugins/com.st.stm32cube.ide.mcu.externaltools.gnu-tools-for-stm32.12.3.rel1.win32_1.0.200.202406191623/tools/bin/../lib/gcc/arm-none-eabi/12.3.1/../../../../arm-none-eabi/lib/thumb/v7e-m+fp/hard\libc_nano.a
LOAD C:/ST/STM32CubeIDE_1.16.1/STM32CubeIDE/plugins/com.st.stm32cube.ide.mcu.externaltools.gnu-tools-for-stm32.12.3.rel1.win32_1.0.200.202406191623/tools/bin/../lib/gcc/arm-none-eabi/12.3.1/../../../../arm-none-eabi/lib/thumb/v7e-m+fp/hard\libnosys.a
END GROUP
LOAD C:/ST/STM32CubeIDE_1.16.1/STM32CubeIDE/plugins/com.st.stm32cube.ide.mcu.externaltools.gnu-tools-for-stm32.12.3.rel1.win32_1.0.200.202406191623/tools/bin/../lib/gcc/arm-none-eabi/12.3.1/thumb/v7e-m+fp/hard/crtend.o
LOAD C:/ST/STM32CubeIDE_1.16.1/STM32CubeIDE/plugins/com.st.stm32cube.ide.mcu.externaltools.gnu-tools-for-stm32.12.3.rel1.win32_1.0.200.202406191623/tools/bin/../lib/gcc/arm-none-eabi/12.3.1/thumb/v7e-m+fp/hard/crtn.o
                0x20050000                        _estack = (ORIGIN (RAM) + LENGTH (RAM))
                0x00000200                        _Min_Heap_Size = 0x200
                0x00000400                        _Min_Stack_Size = 0x400

.isr_vector     0x08000000      0x1ac
                0x08000000                        . = ALIGN (0x4)
 *(.isr_vector)
 .isr_vector    0x08000000      0x1ac ./Core/Startup/startup_stm32l496rgtx.o
                0x08000000                g_pfnVectors
                0x080001ac                        . = ALIGN (0x4)

.text           0x080001b0     0xc548
                0x080001b0                        . = ALIGN (0x4)
 *(.text)
 .text          0x080001b0       0x40 C:/ST/STM32CubeIDE_1.16.1/STM32CubeIDE/plugins/com.st.stm32cube.ide.mcu.externaltools.gnu-tools-for-stm32.12.3.rel1.win32_1.0.200.202406191623/tools/bin/../lib/gcc/arm-none-eabi/12.3.1/thumb/v7e-m+fp/hard/crtbegin.o
 .text          0x080001f0       0x30 C:/ST/STM32CubeIDE_1.16.1/STM32CubeIDE/plugins/com.st.stm32cube.ide.mcu.externaltools.gnu-tools-for-stm32.12.3.rel1.win32_1.0.200.202406191623/tools/bin/../lib/gcc/arm-none-eabi/12.3.1/thumb/v7e-m+fp/hard\libgcc.a(_aeabi_uldivmod.o)
                0x080001f0                __aeabi_uldivmod
 .text          0x08000220      0x2bc C:/ST/STM32CubeIDE_1.16.1/STM32CubeIDE/plugins/com.st.stm32cube.ide.mcu.externaltools.gnu-tools-for-stm32.12.3.rel1.win32_1.0.200.202406191623/tools/bin/../lib/gcc/arm-none-eabi/12.3.1/thumb/v7e-m+fp/hard\libgcc.a(_udivmoddi4.o)
                0x08000220                __udivmoddi4
 .text          0x080004dc        0x4 C:/ST/STM32CubeIDE_1.16.1/STM32CubeIDE/plugins/com.st.stm32cube.ide.mcu.externaltools.gnu-tools-for-stm32.12.3.rel1.win32_1.0.200.202406191623/tools/bin/../lib/gcc/arm-none-eabi/12.3.1/thumb/v7e-m+fp/hard\libgcc.a(_dvmd_tls.o)
                0x080004dc                __aeabi_idiv0
                0x080004dc                __aeabi_ldiv0
 *(.text*)
 .text._ZN7ILI9341C2Ess
                0x080004e0      0x134 ./Core/Src/Drivers/ILI9341.o
                0x080004e0                ILI9341::ILI9341(short, short)
                0x080004e0                ILI9341::ILI9341(short, short)
 .text._ZN7ILI9341D2Ev
                0x08000614       0x20 ./Core/Src/Drivers/ILI9341.o
                0x08000614                ILI9341::~ILI9341()
                0x08000614                ILI9341::~ILI9341()
 .text._ZN7ILI9341D0Ev
                0x08000634       0x20 ./Core/Src/Drivers/ILI9341.o
                0x08000634                ILI9341::~ILI9341()
 .text._ZN7ILI93414InitEv
                0x08000654      0x168 ./Core/Src/Drivers/ILI9341.o
                0x08000654                ILI9341::Init()
 .text._ZN7ILI93415WriteEh
                0x080007bc       0xd8 ./Core/Src/Drivers/ILI9341.o
                0x080007bc                ILI9341::Write(unsigned char)
 .text._ZN7ILI934111TransmitCmdEh
                0x08000894       0x30 ./Core/Src/Drivers/ILI9341.o
                0x08000894                ILI9341::TransmitCmd(unsigned char)
 .text._ZN7ILI934116Transmit8bitDataEh
                0x080008c4       0x30 ./Core/Src/Drivers/ILI9341.o
                0x080008c4                ILI9341::Transmit8bitData(unsigned char)
 .text._ZN7ILI934117Transmit16bitDataEt
                0x080008f4       0x42 ./Core/Src/Drivers/ILI9341.o
                0x080008f4                ILI9341::Transmit16bitData(unsigned short)
 .text._ZN7ILI934117Transmit32bitDataEm
                0x08000936       0x5a ./Core/Src/Drivers/ILI9341.o
                0x08000936                ILI9341::Transmit32bitData(unsigned long)
 .text._ZN7ILI93419SetWindowEtttt
                0x08000990       0xa4 ./Core/Src/Drivers/ILI9341.o
                0x08000990                ILI9341::SetWindow(unsigned short, unsigned short, unsigned short, unsigned short)
 .text._ZN7ILI93419DrawPixelEttt
                0x08000a34       0x5e ./Core/Src/Drivers/ILI9341.o
                0x08000a34                ILI9341::DrawPixel(unsigned short, unsigned short, unsigned short)
 .text._ZN7ILI934112SendColor565Etm
                0x08000a92       0x62 ./Core/Src/Drivers/ILI9341.o
                0x08000a92                ILI9341::SendColor565(unsigned short, unsigned long)
 .text._ZN7ILI93415FloodEtm
                0x08000af4       0xde ./Core/Src/Drivers/ILI9341.o
                0x08000af4                ILI9341::Flood(unsigned short, unsigned long)
 .text._ZN7ILI934111ClearScreenEt
                0x08000bd2       0x46 ./Core/Src/Drivers/ILI9341.o
                0x08000bd2                ILI9341::ClearScreen(unsigned short)
 .text._ZN7ILI934113DrawFastHLineEtttt
                0x08000c18       0xa8 ./Core/Src/Drivers/ILI9341.o
                0x08000c18                ILI9341::DrawFastHLine(unsigned short, unsigned short, unsigned short, unsigned short)
 .text._ZN7ILI934113DrawFastVLineEtttt
                0x08000cc0       0xa8 ./Core/Src/Drivers/ILI9341.o
                0x08000cc0                ILI9341::DrawFastVLine(unsigned short, unsigned short, unsigned short, unsigned short)
 .text._ZN7ILI934111SetRotationEh
                0x08000d68       0xd8 ./Core/Src/Drivers/ILI9341.o
                0x08000d68                ILI9341::SetRotation(unsigned char)
 .text._ZN7ILI934111SetTextSizeEh
                0x08000e40       0x20 ./Core/Src/Drivers/ILI9341.o
                0x08000e40                ILI9341::SetTextSize(unsigned char)
 .text._ZN7ILI93418DrawCharEsshth
                0x08000e60       0x4c ./Core/Src/Drivers/ILI9341.o
                0x08000e60                ILI9341::DrawChar(short, short, unsigned char, unsigned short, unsigned char)
 .text._ZN7ILI93418DrawCharEsshtthh
                0x08000eac      0x1ec ./Core/Src/Drivers/ILI9341.o
                0x08000eac                ILI9341::DrawChar(short, short, unsigned char, unsigned short, unsigned short, unsigned char, unsigned char)
 .text._ZN7ILI93418DrawTextEttPKct
                0x08001098       0xca ./Core/Src/Drivers/ILI9341.o
                0x08001098                ILI9341::DrawText(unsigned short, unsigned short, char const*, unsigned short)
 .text._ZN7ILI93418FillRectEttttt
                0x08001162       0xf2 ./Core/Src/Drivers/ILI9341.o
                0x08001162                ILI9341::FillRect(unsigned short, unsigned short, unsigned short, unsigned short, unsigned short)
 .text._ZN7ILI934110FillCircleEtttt
                0x08001254      0x14c ./Core/Src/Drivers/ILI9341.o
                0x08001254                ILI9341::FillCircle(unsigned short, unsigned short, unsigned short, unsigned short)
 .text.TCAL9538RSVR_INIT
                0x080013a0       0xcc ./Core/Src/Drivers/TCAL9538RSVR.o
                0x080013a0                TCAL9538RSVR_INIT
 .text.TCAL9538RSVR_SetDirection
                0x0800146c       0x1e ./Core/Src/Drivers/TCAL9538RSVR.o
                0x0800146c                TCAL9538RSVR_SetDirection
 .text.TCAL9538RSVR_SetInterrupts
                0x0800148a       0x22 ./Core/Src/Drivers/TCAL9538RSVR.o
                0x0800148a                TCAL9538RSVR_SetInterrupts
 .text.TCAL9538RSVR_HandleInterrupt
                0x080014ac       0x50 ./Core/Src/Drivers/TCAL9538RSVR.o
                0x080014ac                TCAL9538RSVR_HandleInterrupt
 .text.TCAL9538RSVR_ReadInput
                0x080014fc       0x1e ./Core/Src/Drivers/TCAL9538RSVR.o
                0x080014fc                TCAL9538RSVR_ReadInput
 .text.TCAL9538RSVR_SetOutput
                0x0800151a       0x1e ./Core/Src/Drivers/TCAL9538RSVR.o
                0x0800151a                TCAL9538RSVR_SetOutput
 .text.TCAL9538RSVR_ReadRegister
                0x08001538       0x3a ./Core/Src/Drivers/TCAL9538RSVR.o
                0x08001538                TCAL9538RSVR_ReadRegister
 .text.TCAL9538RSVR_WriteRegister
                0x08001572       0x3a ./Core/Src/Drivers/TCAL9538RSVR.o
                0x08001572                TCAL9538RSVR_WriteRegister
 .text.CPP_UserSetup
                0x080015ac      0x204 ./Core/Src/User.o
                0x080015ac                CPP_UserSetup
 .text._Z11StartTask01Pv
                0x080017b0       0x20 ./Core/Src/User.o
                0x080017b0                StartTask01(void*)
 .text._Z11StartTask02Pv
                0x080017d0      0x188 ./Core/Src/User.o
                0x080017d0                StartTask02(void*)
 .text._Z11StartTask03Pv
                0x08001958      0x114 ./Core/Src/User.o
                0x08001958                StartTask03(void*)
 .text._Z11StartTask04Pv
                0x08001a6c       0xc8 ./Core/Src/User.o
                0x08001a6c                StartTask04(void*)
 .text._Z11StartTask05Pv
                0x08001b34      0x1f4 ./Core/Src/User.o
                0x08001b34                StartTask05(void*)
 .text._Z19Update_CAN_Message1PhS_S_
                0x08001d28      0x280 ./Core/Src/User.o
                0x08001d28                Update_CAN_Message1(unsigned char*, unsigned char*, unsigned char*)
 .text.HAL_UART_RxCpltCallback
                0x08001fa8      0x104 ./Core/Src/User.o
                0x08001fa8                HAL_UART_RxCpltCallback
 .text.HAL_ADC_ConvCpltCallback
                0x080020ac       0x20 ./Core/Src/User.o
                0x080020ac                HAL_ADC_ConvCpltCallback
 .text.HAL_GPIO_EXTI_Callback
                0x080020cc       0x20 ./Core/Src/User.o
                0x080020cc                HAL_GPIO_EXTI_Callback
 .text._Z41__static_initialization_and_destruction_0ii
                0x080020ec       0x48 ./Core/Src/User.o
 .text._GLOBAL__sub_I_U5
                0x08002134       0x10 ./Core/Src/User.o
 .text._GLOBAL__sub_D_U5
                0x08002144       0x10 ./Core/Src/User.o
 .text.main     0x08002154       0xe8 ./Core/Src/main.o
                0x08002154                main
 .text._Z18SystemClock_Configv
                0x0800223c       0xaa ./Core/Src/main.o
                0x0800223c                SystemClock_Config()
 *fill*         0x080022e6        0x2 
 .text._ZL12MX_ADC1_Initv
                0x080022e8      0x248 ./Core/Src/main.o
 .text._ZL12MX_CAN1_Initv
                0x08002530       0x74 ./Core/Src/main.o
 .text._ZL12MX_CAN2_Initv
                0x080025a4       0x74 ./Core/Src/main.o
 .text._ZL12MX_I2C4_Initv
                0x08002618       0x9c ./Core/Src/main.o
 .text._ZL13MX_UART4_Initv
                0x080026b4       0x68 ./Core/Src/main.o
 .text._ZL11MX_DMA_Initv
                0x0800271c       0x3c ./Core/Src/main.o
 .text._ZL12MX_GPIO_Initv
                0x08002758      0x11c ./Core/Src/main.o
 .text.HAL_TIM_PeriodElapsedCallback
                0x08002874       0x24 ./Core/Src/main.o
                0x08002874                HAL_TIM_PeriodElapsedCallback
 .text.Error_Handler
                0x08002898        0xc ./Core/Src/main.o
                0x08002898                Error_Handler
 .text.HAL_MspInit
                0x080028a4       0x50 ./Core/Src/stm32l4xx_hal_msp.o
                0x080028a4                HAL_MspInit
 .text.HAL_ADC_MspInit
                0x080028f4      0x114 ./Core/Src/stm32l4xx_hal_msp.o
                0x080028f4                HAL_ADC_MspInit
 .text.HAL_CAN_MspInit
                0x08002a08      0x16c ./Core/Src/stm32l4xx_hal_msp.o
                0x08002a08                HAL_CAN_MspInit
 .text.HAL_I2C_MspInit
                0x08002b74       0xc0 ./Core/Src/stm32l4xx_hal_msp.o
                0x08002b74                HAL_I2C_MspInit
 .text.HAL_UART_MspInit
                0x08002c34       0xcc ./Core/Src/stm32l4xx_hal_msp.o
                0x08002c34                HAL_UART_MspInit
 .text.HAL_InitTick
                0x08002d00       0xf4 ./Core/Src/stm32l4xx_hal_timebase_tim.o
                0x08002d00                HAL_InitTick
 .text.NMI_Handler
                0x08002df4        0x8 ./Core/Src/stm32l4xx_it.o
                0x08002df4                NMI_Handler
 .text.HardFault_Handler
                0x08002dfc        0x8 ./Core/Src/stm32l4xx_it.o
                0x08002dfc                HardFault_Handler
 .text.MemManage_Handler
                0x08002e04        0x8 ./Core/Src/stm32l4xx_it.o
                0x08002e04                MemManage_Handler
 .text.BusFault_Handler
                0x08002e0c        0x8 ./Core/Src/stm32l4xx_it.o
                0x08002e0c                BusFault_Handler
 .text.UsageFault_Handler
                0x08002e14        0x8 ./Core/Src/stm32l4xx_it.o
                0x08002e14                UsageFault_Handler
 .text.DebugMon_Handler
                0x08002e1c        0xe ./Core/Src/stm32l4xx_it.o
                0x08002e1c                DebugMon_Handler
 .text.EXTI2_IRQHandler
                0x08002e2a        0xe ./Core/Src/stm32l4xx_it.o
                0x08002e2a                EXTI2_IRQHandler
 .text.DMA1_Channel1_IRQHandler
                0x08002e38       0x14 ./Core/Src/stm32l4xx_it.o
                0x08002e38                DMA1_Channel1_IRQHandler
 .text.TIM3_IRQHandler
                0x08002e4c       0x14 ./Core/Src/stm32l4xx_it.o
                0x08002e4c                TIM3_IRQHandler
 .text.UART4_IRQHandler
                0x08002e60       0x14 ./Core/Src/stm32l4xx_it.o
                0x08002e60                UART4_IRQHandler
 .text.SystemInit
                0x08002e74       0x24 ./Core/Src/system_stm32l4xx.o
                0x08002e74                SystemInit
 .text.Reset_Handler
                0x08002e98       0x50 ./Core/Startup/startup_stm32l496rgtx.o
                0x08002e98                Reset_Handler
 .text.Default_Handler
                0x08002ee8        0x2 ./Core/Startup/startup_stm32l496rgtx.o
                0x08002ee8                RTC_Alarm_IRQHandler
                0x08002ee8                TIM8_TRG_COM_IRQHandler
                0x08002ee8                TIM8_CC_IRQHandler
                0x08002ee8                TIM1_CC_IRQHandler
                0x08002ee8                TSC_IRQHandler
                0x08002ee8                TAMP_STAMP_IRQHandler
                0x08002ee8                CAN2_RX1_IRQHandler
                0x08002ee8                EXTI3_IRQHandler
                0x08002ee8                LPTIM2_IRQHandler
                0x08002ee8                DFSDM1_FLT1_IRQHandler
                0x08002ee8                I2C3_ER_IRQHandler
                0x08002ee8                DFSDM1_FLT2_IRQHandler
                0x08002ee8                EXTI0_IRQHandler
                0x08002ee8                I2C2_EV_IRQHandler
                0x08002ee8                CAN1_RX0_IRQHandler
                0x08002ee8                FPU_IRQHandler
                0x08002ee8                TIM1_UP_TIM16_IRQHandler
                0x08002ee8                CAN2_SCE_IRQHandler
                0x08002ee8                ADC1_2_IRQHandler
                0x08002ee8                SPI1_IRQHandler
                0x08002ee8                TIM6_DAC_IRQHandler
                0x08002ee8                DCMI_IRQHandler
                0x08002ee8                CAN2_RX0_IRQHandler
                0x08002ee8                TIM8_UP_IRQHandler
                0x08002ee8                DMA2_Channel2_IRQHandler
                0x08002ee8                DMA1_Channel4_IRQHandler
                0x08002ee8                SAI2_IRQHandler
                0x08002ee8                DFSDM1_FLT3_IRQHandler
                0x08002ee8                USART3_IRQHandler
                0x08002ee8                DMA1_Channel7_IRQHandler
                0x08002ee8                CAN1_RX1_IRQHandler
                0x08002ee8                LCD_IRQHandler
                0x08002ee8                UART5_IRQHandler
                0x08002ee8                ADC3_IRQHandler
                0x08002ee8                TIM4_IRQHandler
                0x08002ee8                DMA2_Channel1_IRQHandler
                0x08002ee8                QUADSPI_IRQHandler
                0x08002ee8                I2C1_EV_IRQHandler
                0x08002ee8                DMA1_Channel6_IRQHandler
                0x08002ee8                DMA2_Channel4_IRQHandler
                0x08002ee8                RCC_IRQHandler
                0x08002ee8                Default_Handler
                0x08002ee8                DMA2_Channel7_IRQHandler
                0x08002ee8                EXTI15_10_IRQHandler
                0x08002ee8                TIM7_IRQHandler
                0x08002ee8                SDMMC1_IRQHandler
                0x08002ee8                CAN2_TX_IRQHandler
                0x08002ee8                TIM5_IRQHandler
                0x08002ee8                I2C3_EV_IRQHandler
                0x08002ee8                EXTI9_5_IRQHandler
                0x08002ee8                RTC_WKUP_IRQHandler
                0x08002ee8                PVD_PVM_IRQHandler
                0x08002ee8                SPI2_IRQHandler
                0x08002ee8                CAN1_TX_IRQHandler
                0x08002ee8                DMA2_Channel5_IRQHandler
                0x08002ee8                CRS_IRQHandler
                0x08002ee8                DMA1_Channel5_IRQHandler
                0x08002ee8                EXTI4_IRQHandler
                0x08002ee8                RNG_IRQHandler
                0x08002ee8                TIM1_TRG_COM_TIM17_IRQHandler
                0x08002ee8                DMA1_Channel3_IRQHandler
                0x08002ee8                COMP_IRQHandler
                0x08002ee8                WWDG_IRQHandler
                0x08002ee8                I2C4_EV_IRQHandler
                0x08002ee8                LPUART1_IRQHandler
                0x08002ee8                DMA2_Channel6_IRQHandler
                0x08002ee8                TIM2_IRQHandler
                0x08002ee8                EXTI1_IRQHandler
                0x08002ee8                USART2_IRQHandler
                0x08002ee8                DFSDM1_FLT0_IRQHandler
                0x08002ee8                I2C2_ER_IRQHandler
                0x08002ee8                DMA1_Channel2_IRQHandler
                0x08002ee8                TIM8_BRK_IRQHandler
                0x08002ee8                CAN1_SCE_IRQHandler
                0x08002ee8                FLASH_IRQHandler
                0x08002ee8                USART1_IRQHandler
                0x08002ee8                OTG_FS_IRQHandler
                0x08002ee8                SPI3_IRQHandler
                0x08002ee8                I2C1_ER_IRQHandler
                0x08002ee8                FMC_IRQHandler
                0x08002ee8                SWPMI1_IRQHandler
                0x08002ee8                LPTIM1_IRQHandler
                0x08002ee8                I2C4_ER_IRQHandler
                0x08002ee8                SAI1_IRQHandler
                0x08002ee8                DMA2_Channel3_IRQHandler
                0x08002ee8                TIM1_BRK_TIM15_IRQHandler
 .text.HAL_Init
                0x08002eea       0x30 ./Drivers/STM32L4xx_HAL_Driver/Src/stm32l4xx_hal.o
                0x08002eea                HAL_Init
 *fill*         0x08002f1a        0x2 
 .text.HAL_IncTick
                0x08002f1c       0x28 ./Drivers/STM32L4xx_HAL_Driver/Src/stm32l4xx_hal.o
                0x08002f1c                HAL_IncTick
 .text.HAL_GetTick
                0x08002f44       0x18 ./Drivers/STM32L4xx_HAL_Driver/Src/stm32l4xx_hal.o
                0x08002f44                HAL_GetTick
 .text.HAL_Delay
                0x08002f5c       0x48 ./Drivers/STM32L4xx_HAL_Driver/Src/stm32l4xx_hal.o
                0x08002f5c                HAL_Delay
 .text.LL_ADC_SetCommonClock
                0x08002fa4       0x26 ./Drivers/STM32L4xx_HAL_Driver/Src/stm32l4xx_hal_adc.o
 .text.LL_ADC_SetCommonPathInternalCh
                0x08002fca       0x26 ./Drivers/STM32L4xx_HAL_Driver/Src/stm32l4xx_hal_adc.o
 .text.LL_ADC_GetCommonPathInternalCh
                0x08002ff0       0x1c ./Drivers/STM32L4xx_HAL_Driver/Src/stm32l4xx_hal_adc.o
 .text.LL_ADC_SetOffset
                0x0800300c       0x48 ./Drivers/STM32L4xx_HAL_Driver/Src/stm32l4xx_hal_adc.o
 .text.LL_ADC_GetOffsetChannel
                0x08003054       0x2c ./Drivers/STM32L4xx_HAL_Driver/Src/stm32l4xx_hal_adc.o
 .text.LL_ADC_SetOffsetState
                0x08003080       0x36 ./Drivers/STM32L4xx_HAL_Driver/Src/stm32l4xx_hal_adc.o
 .text.LL_ADC_SetSamplingTimeCommonConfig
                0x080030b6       0x26 ./Drivers/STM32L4xx_HAL_Driver/Src/stm32l4xx_hal_adc.o
 .text.LL_ADC_REG_IsTriggerSourceSWStart
                0x080030dc       0x26 ./Drivers/STM32L4xx_HAL_Driver/Src/stm32l4xx_hal_adc.o
 .text.LL_ADC_REG_SetSequencerRanks
                0x08003102       0x58 ./Drivers/STM32L4xx_HAL_Driver/Src/stm32l4xx_hal_adc.o
 .text.LL_ADC_SetChannelSamplingTime
                0x0800315a       0x56 ./Drivers/STM32L4xx_HAL_Driver/Src/stm32l4xx_hal_adc.o
 .text.LL_ADC_SetChannelSingleDiff
                0x080031b0       0x48 ./Drivers/STM32L4xx_HAL_Driver/Src/stm32l4xx_hal_adc.o
 .text.LL_ADC_GetMultimode
                0x080031f8       0x1c ./Drivers/STM32L4xx_HAL_Driver/Src/stm32l4xx_hal_adc.o
 .text.LL_ADC_DisableDeepPowerDown
                0x08003214       0x24 ./Drivers/STM32L4xx_HAL_Driver/Src/stm32l4xx_hal_adc.o
 .text.LL_ADC_IsDeepPowerDownEnabled
                0x08003238       0x28 ./Drivers/STM32L4xx_HAL_Driver/Src/stm32l4xx_hal_adc.o
 .text.LL_ADC_EnableInternalRegulator
                0x08003260       0x28 ./Drivers/STM32L4xx_HAL_Driver/Src/stm32l4xx_hal_adc.o
 .text.LL_ADC_IsInternalRegulatorEnabled
                0x08003288       0x28 ./Drivers/STM32L4xx_HAL_Driver/Src/stm32l4xx_hal_adc.o
 .text.LL_ADC_Enable
                0x080032b0       0x28 ./Drivers/STM32L4xx_HAL_Driver/Src/stm32l4xx_hal_adc.o
 .text.LL_ADC_Disable
                0x080032d8       0x28 ./Drivers/STM32L4xx_HAL_Driver/Src/stm32l4xx_hal_adc.o
 .text.LL_ADC_IsEnabled
                0x08003300       0x26 ./Drivers/STM32L4xx_HAL_Driver/Src/stm32l4xx_hal_adc.o
 .text.LL_ADC_IsDisableOngoing
                0x08003326       0x26 ./Drivers/STM32L4xx_HAL_Driver/Src/stm32l4xx_hal_adc.o
 .text.LL_ADC_REG_StartConversion
                0x0800334c       0x28 ./Drivers/STM32L4xx_HAL_Driver/Src/stm32l4xx_hal_adc.o
 .text.LL_ADC_REG_StopConversion
                0x08003374       0x28 ./Drivers/STM32L4xx_HAL_Driver/Src/stm32l4xx_hal_adc.o
 .text.LL_ADC_REG_IsConversionOngoing
                0x0800339c       0x26 ./Drivers/STM32L4xx_HAL_Driver/Src/stm32l4xx_hal_adc.o
 .text.LL_ADC_INJ_StopConversion
                0x080033c2       0x28 ./Drivers/STM32L4xx_HAL_Driver/Src/stm32l4xx_hal_adc.o
 .text.LL_ADC_INJ_IsConversionOngoing
                0x080033ea       0x26 ./Drivers/STM32L4xx_HAL_Driver/Src/stm32l4xx_hal_adc.o
 .text.HAL_ADC_Init
                0x08003410      0x2a8 ./Drivers/STM32L4xx_HAL_Driver/Src/stm32l4xx_hal_adc.o
                0x08003410                HAL_ADC_Init
 .text.HAL_ADC_Start_DMA
                0x080036b8      0x178 ./Drivers/STM32L4xx_HAL_Driver/Src/stm32l4xx_hal_adc.o
                0x080036b8                HAL_ADC_Start_DMA
 .text.HAL_ADC_Stop_DMA
                0x08003830       0xc2 ./Drivers/STM32L4xx_HAL_Driver/Src/stm32l4xx_hal_adc.o
                0x08003830                HAL_ADC_Stop_DMA
 .text.HAL_ADC_ConvHalfCpltCallback
                0x080038f2       0x14 ./Drivers/STM32L4xx_HAL_Driver/Src/stm32l4xx_hal_adc.o
                0x080038f2                HAL_ADC_ConvHalfCpltCallback
 .text.HAL_ADC_ErrorCallback
                0x08003906       0x14 ./Drivers/STM32L4xx_HAL_Driver/Src/stm32l4xx_hal_adc.o
                0x08003906                HAL_ADC_ErrorCallback
 *fill*         0x0800391a        0x2 
 .text.HAL_ADC_ConfigChannel
                0x0800391c      0x818 ./Drivers/STM32L4xx_HAL_Driver/Src/stm32l4xx_hal_adc.o
                0x0800391c                HAL_ADC_ConfigChannel
 .text.ADC_ConversionStop
                0x08004134      0x178 ./Drivers/STM32L4xx_HAL_Driver/Src/stm32l4xx_hal_adc.o
                0x08004134                ADC_ConversionStop
 .text.ADC_Enable
                0x080042ac      0x10c ./Drivers/STM32L4xx_HAL_Driver/Src/stm32l4xx_hal_adc.o
                0x080042ac                ADC_Enable
 .text.ADC_Disable
                0x080043b8       0xbe ./Drivers/STM32L4xx_HAL_Driver/Src/stm32l4xx_hal_adc.o
                0x080043b8                ADC_Disable
 .text.ADC_DMAConvCplt
                0x08004476       0xd8 ./Drivers/STM32L4xx_HAL_Driver/Src/stm32l4xx_hal_adc.o
                0x08004476                ADC_DMAConvCplt
 .text.ADC_DMAHalfConvCplt
                0x0800454e       0x1c ./Drivers/STM32L4xx_HAL_Driver/Src/stm32l4xx_hal_adc.o
                0x0800454e                ADC_DMAHalfConvCplt
 .text.ADC_DMAError
                0x0800456a       0x34 ./Drivers/STM32L4xx_HAL_Driver/Src/stm32l4xx_hal_adc.o
                0x0800456a                ADC_DMAError
 .text.LL_ADC_IsEnabled
                0x0800459e       0x26 ./Drivers/STM32L4xx_HAL_Driver/Src/stm32l4xx_hal_adc_ex.o
 .text.LL_ADC_REG_IsConversionOngoing
                0x080045c4       0x26 ./Drivers/STM32L4xx_HAL_Driver/Src/stm32l4xx_hal_adc_ex.o
 *fill*         0x080045ea        0x2 
 .text.HAL_ADCEx_MultiModeConfigChannel
                0x080045ec      0x160 ./Drivers/STM32L4xx_HAL_Driver/Src/stm32l4xx_hal_adc_ex.o
                0x080045ec                HAL_ADCEx_MultiModeConfigChannel
 .text.HAL_CAN_Init
                0x0800474c      0x1f6 ./Drivers/STM32L4xx_HAL_Driver/Src/stm32l4xx_hal_can.o
                0x0800474c                HAL_CAN_Init
 .text.HAL_CAN_Start
                0x08004942       0x88 ./Drivers/STM32L4xx_HAL_Driver/Src/stm32l4xx_hal_can.o
                0x08004942                HAL_CAN_Start
 .text.HAL_CAN_AddTxMessage
                0x080049ca      0x1a0 ./Drivers/STM32L4xx_HAL_Driver/Src/stm32l4xx_hal_can.o
                0x080049ca                HAL_CAN_AddTxMessage
 .text.HAL_CAN_GetTxMailboxesFreeLevel
                0x08004b6a       0x6a ./Drivers/STM32L4xx_HAL_Driver/Src/stm32l4xx_hal_can.o
                0x08004b6a                HAL_CAN_GetTxMailboxesFreeLevel
 .text.__NVIC_SetPriorityGrouping
                0x08004bd4       0x48 ./Drivers/STM32L4xx_HAL_Driver/Src/stm32l4xx_hal_cortex.o
 .text.__NVIC_GetPriorityGrouping
                0x08004c1c       0x1c ./Drivers/STM32L4xx_HAL_Driver/Src/stm32l4xx_hal_cortex.o
 .text.__NVIC_EnableIRQ
                0x08004c38       0x3c ./Drivers/STM32L4xx_HAL_Driver/Src/stm32l4xx_hal_cortex.o
 .text.__NVIC_SetPriority
                0x08004c74       0x54 ./Drivers/STM32L4xx_HAL_Driver/Src/stm32l4xx_hal_cortex.o
 .text.NVIC_EncodePriority
                0x08004cc8       0x66 ./Drivers/STM32L4xx_HAL_Driver/Src/stm32l4xx_hal_cortex.o
 .text.HAL_NVIC_SetPriorityGrouping
                0x08004d2e       0x16 ./Drivers/STM32L4xx_HAL_Driver/Src/stm32l4xx_hal_cortex.o
                0x08004d2e                HAL_NVIC_SetPriorityGrouping
 .text.HAL_NVIC_SetPriority
                0x08004d44       0x38 ./Drivers/STM32L4xx_HAL_Driver/Src/stm32l4xx_hal_cortex.o
                0x08004d44                HAL_NVIC_SetPriority
 .text.HAL_NVIC_EnableIRQ
                0x08004d7c       0x1c ./Drivers/STM32L4xx_HAL_Driver/Src/stm32l4xx_hal_cortex.o
                0x08004d7c                HAL_NVIC_EnableIRQ
 .text.HAL_DMA_Init
                0x08004d98      0x170 ./Drivers/STM32L4xx_HAL_Driver/Src/stm32l4xx_hal_dma.o
                0x08004d98                HAL_DMA_Init
 .text.HAL_DMA_Start_IT
                0x08004f08       0xc0 ./Drivers/STM32L4xx_HAL_Driver/Src/stm32l4xx_hal_dma.o
                0x08004f08                HAL_DMA_Start_IT
 .text.HAL_DMA_Abort
                0x08004fc8       0x7c ./Drivers/STM32L4xx_HAL_Driver/Src/stm32l4xx_hal_dma.o
                0x08004fc8                HAL_DMA_Abort
 .text.HAL_DMA_Abort_IT
                0x08005044       0x82 ./Drivers/STM32L4xx_HAL_Driver/Src/stm32l4xx_hal_dma.o
                0x08005044                HAL_DMA_Abort_IT
 .text.HAL_DMA_IRQHandler
                0x080050c6      0x15e ./Drivers/STM32L4xx_HAL_Driver/Src/stm32l4xx_hal_dma.o
                0x080050c6                HAL_DMA_IRQHandler
 .text.DMA_SetConfig
                0x08005224       0x60 ./Drivers/STM32L4xx_HAL_Driver/Src/stm32l4xx_hal_dma.o
 .text.HAL_GPIO_Init
                0x08005284      0x324 ./Drivers/STM32L4xx_HAL_Driver/Src/stm32l4xx_hal_gpio.o
                0x08005284                HAL_GPIO_Init
 .text.HAL_GPIO_WritePin
                0x080055a8       0x30 ./Drivers/STM32L4xx_HAL_Driver/Src/stm32l4xx_hal_gpio.o
                0x080055a8                HAL_GPIO_WritePin
 .text.HAL_GPIO_TogglePin
                0x080055d8       0x34 ./Drivers/STM32L4xx_HAL_Driver/Src/stm32l4xx_hal_gpio.o
                0x080055d8                HAL_GPIO_TogglePin
 .text.HAL_GPIO_EXTI_IRQHandler
                0x0800560c       0x30 ./Drivers/STM32L4xx_HAL_Driver/Src/stm32l4xx_hal_gpio.o
                0x0800560c                HAL_GPIO_EXTI_IRQHandler
 .text.HAL_I2C_Init
                0x0800563c      0x136 ./Drivers/STM32L4xx_HAL_Driver/Src/stm32l4xx_hal_i2c.o
                0x0800563c                HAL_I2C_Init
 *fill*         0x08005772        0x2 
 .text.HAL_I2C_Mem_Write
                0x08005774      0x228 ./Drivers/STM32L4xx_HAL_Driver/Src/stm32l4xx_hal_i2c.o
                0x08005774                HAL_I2C_Mem_Write
 .text.HAL_I2C_Mem_Read
                0x0800599c      0x234 ./Drivers/STM32L4xx_HAL_Driver/Src/stm32l4xx_hal_i2c.o
                0x0800599c                HAL_I2C_Mem_Read
 .text.I2C_RequestMemoryWrite
                0x08005bd0       0xa8 ./Drivers/STM32L4xx_HAL_Driver/Src/stm32l4xx_hal_i2c.o
 .text.I2C_RequestMemoryRead
                0x08005c78       0xa8 ./Drivers/STM32L4xx_HAL_Driver/Src/stm32l4xx_hal_i2c.o
 .text.I2C_Flush_TXDR
                0x08005d20       0x48 ./Drivers/STM32L4xx_HAL_Driver/Src/stm32l4xx_hal_i2c.o
 .text.I2C_WaitOnFlagUntilTimeout
                0x08005d68       0xb2 ./Drivers/STM32L4xx_HAL_Driver/Src/stm32l4xx_hal_i2c.o
 .text.I2C_WaitOnTXISFlagUntilTimeout
                0x08005e1a       0x8e ./Drivers/STM32L4xx_HAL_Driver/Src/stm32l4xx_hal_i2c.o
 .text.I2C_WaitOnSTOPFlagUntilTimeout
                0x08005ea8       0x86 ./Drivers/STM32L4xx_HAL_Driver/Src/stm32l4xx_hal_i2c.o
 *fill*         0x08005f2e        0x2 
 .text.I2C_IsErrorOccurred
                0x08005f30      0x1c0 ./Drivers/STM32L4xx_HAL_Driver/Src/stm32l4xx_hal_i2c.o
 .text.I2C_TransferConfig
                0x080060f0       0x64 ./Drivers/STM32L4xx_HAL_Driver/Src/stm32l4xx_hal_i2c.o
 .text.HAL_I2CEx_ConfigAnalogFilter
                0x08006154       0x96 ./Drivers/STM32L4xx_HAL_Driver/Src/stm32l4xx_hal_i2c_ex.o
                0x08006154                HAL_I2CEx_ConfigAnalogFilter
 .text.HAL_I2CEx_ConfigDigitalFilter
                0x080061ea       0x98 ./Drivers/STM32L4xx_HAL_Driver/Src/stm32l4xx_hal_i2c_ex.o
                0x080061ea                HAL_I2CEx_ConfigDigitalFilter
 *fill*         0x08006282        0x2 
 .text.HAL_PWREx_GetVoltageRange
                0x08006284       0x1c ./Drivers/STM32L4xx_HAL_Driver/Src/stm32l4xx_hal_pwr_ex.o
                0x08006284                HAL_PWREx_GetVoltageRange
 .text.HAL_PWREx_ControlVoltageScaling
                0x080062a0       0xac ./Drivers/STM32L4xx_HAL_Driver/Src/stm32l4xx_hal_pwr_ex.o
                0x080062a0                HAL_PWREx_ControlVoltageScaling
 .text.HAL_RCC_OscConfig
                0x0800634c      0x834 ./Drivers/STM32L4xx_HAL_Driver/Src/stm32l4xx_hal_rcc.o
                0x0800634c                HAL_RCC_OscConfig
 .text.HAL_RCC_ClockConfig
                0x08006b80      0x200 ./Drivers/STM32L4xx_HAL_Driver/Src/stm32l4xx_hal_rcc.o
                0x08006b80                HAL_RCC_ClockConfig
 .text.HAL_RCC_GetSysClockFreq
                0x08006d80      0x118 ./Drivers/STM32L4xx_HAL_Driver/Src/stm32l4xx_hal_rcc.o
                0x08006d80                HAL_RCC_GetSysClockFreq
 .text.HAL_RCC_GetHCLKFreq
                0x08006e98       0x18 ./Drivers/STM32L4xx_HAL_Driver/Src/stm32l4xx_hal_rcc.o
                0x08006e98                HAL_RCC_GetHCLKFreq
 .text.HAL_RCC_GetPCLK1Freq
                0x08006eb0       0x2c ./Drivers/STM32L4xx_HAL_Driver/Src/stm32l4xx_hal_rcc.o
                0x08006eb0                HAL_RCC_GetPCLK1Freq
 .text.HAL_RCC_GetPCLK2Freq
                0x08006edc       0x2c ./Drivers/STM32L4xx_HAL_Driver/Src/stm32l4xx_hal_rcc.o
                0x08006edc                HAL_RCC_GetPCLK2Freq
 .text.HAL_RCC_GetClockConfig
                0x08006f08       0x64 ./Drivers/STM32L4xx_HAL_Driver/Src/stm32l4xx_hal_rcc.o
                0x08006f08                HAL_RCC_GetClockConfig
 .text.RCC_SetFlashLatencyFromMSIRange
                0x08006f6c       0xc0 ./Drivers/STM32L4xx_HAL_Driver/Src/stm32l4xx_hal_rcc.o
 .text.HAL_RCCEx_PeriphCLKConfig
                0x0800702c      0x5f8 ./Drivers/STM32L4xx_HAL_Driver/Src/stm32l4xx_hal_rcc_ex.o
                0x0800702c                HAL_RCCEx_PeriphCLKConfig
 .text.RCCEx_PLLSAI1_Config
                0x08007624      0x1e4 ./Drivers/STM32L4xx_HAL_Driver/Src/stm32l4xx_hal_rcc_ex.o
 .text.RCCEx_PLLSAI2_Config
                0x08007808      0x1b8 ./Drivers/STM32L4xx_HAL_Driver/Src/stm32l4xx_hal_rcc_ex.o
 .text.HAL_TIM_Base_Init
                0x080079c0       0xae ./Drivers/STM32L4xx_HAL_Driver/Src/stm32l4xx_hal_tim.o
                0x080079c0                HAL_TIM_Base_Init
 .text.HAL_TIM_Base_MspInit
                0x08007a6e       0x14 ./Drivers/STM32L4xx_HAL_Driver/Src/stm32l4xx_hal_tim.o
                0x08007a6e                HAL_TIM_Base_MspInit
 *fill*         0x08007a82        0x2 
 .text.HAL_TIM_Base_Start_IT
                0x08007a84       0xe0 ./Drivers/STM32L4xx_HAL_Driver/Src/stm32l4xx_hal_tim.o
                0x08007a84                HAL_TIM_Base_Start_IT
 .text.HAL_TIM_IRQHandler
                0x08007b64      0x20e ./Drivers/STM32L4xx_HAL_Driver/Src/stm32l4xx_hal_tim.o
                0x08007b64                HAL_TIM_IRQHandler
 .text.HAL_TIM_OC_DelayElapsedCallback
                0x08007d72       0x14 ./Drivers/STM32L4xx_HAL_Driver/Src/stm32l4xx_hal_tim.o
                0x08007d72                HAL_TIM_OC_DelayElapsedCallback
 .text.HAL_TIM_IC_CaptureCallback
                0x08007d86       0x14 ./Drivers/STM32L4xx_HAL_Driver/Src/stm32l4xx_hal_tim.o
                0x08007d86                HAL_TIM_IC_CaptureCallback
 .text.HAL_TIM_PWM_PulseFinishedCallback
                0x08007d9a       0x14 ./Drivers/STM32L4xx_HAL_Driver/Src/stm32l4xx_hal_tim.o
                0x08007d9a                HAL_TIM_PWM_PulseFinishedCallback
 .text.HAL_TIM_TriggerCallback
                0x08007dae       0x14 ./Drivers/STM32L4xx_HAL_Driver/Src/stm32l4xx_hal_tim.o
                0x08007dae                HAL_TIM_TriggerCallback
 *fill*         0x08007dc2        0x2 
 .text.TIM_Base_SetConfig
                0x08007dc4      0x14c ./Drivers/STM32L4xx_HAL_Driver/Src/stm32l4xx_hal_tim.o
                0x08007dc4                TIM_Base_SetConfig
 .text.HAL_TIMEx_CommutCallback
                0x08007f10       0x14 ./Drivers/STM32L4xx_HAL_Driver/Src/stm32l4xx_hal_tim_ex.o
                0x08007f10                HAL_TIMEx_CommutCallback
 .text.HAL_TIMEx_BreakCallback
                0x08007f24       0x14 ./Drivers/STM32L4xx_HAL_Driver/Src/stm32l4xx_hal_tim_ex.o
                0x08007f24                HAL_TIMEx_BreakCallback
 .text.HAL_TIMEx_Break2Callback
                0x08007f38       0x14 ./Drivers/STM32L4xx_HAL_Driver/Src/stm32l4xx_hal_tim_ex.o
                0x08007f38                HAL_TIMEx_Break2Callback
 .text.HAL_UART_Init
                0x08007f4c       0x9c ./Drivers/STM32L4xx_HAL_Driver/Src/stm32l4xx_hal_uart.o
                0x08007f4c                HAL_UART_Init
 .text.HAL_UART_Receive_IT
                0x08007fe8       0x98 ./Drivers/STM32L4xx_HAL_Driver/Src/stm32l4xx_hal_uart.o
                0x08007fe8                HAL_UART_Receive_IT
 .text.HAL_UART_IRQHandler
                0x08008080      0x60c ./Drivers/STM32L4xx_HAL_Driver/Src/stm32l4xx_hal_uart.o
                0x08008080                HAL_UART_IRQHandler
 .text.HAL_UART_TxCpltCallback
                0x0800868c       0x14 ./Drivers/STM32L4xx_HAL_Driver/Src/stm32l4xx_hal_uart.o
                0x0800868c                HAL_UART_TxCpltCallback
 .text.HAL_UART_ErrorCallback
                0x080086a0       0x14 ./Drivers/STM32L4xx_HAL_Driver/Src/stm32l4xx_hal_uart.o
                0x080086a0                HAL_UART_ErrorCallback
 .text.HAL_UARTEx_RxEventCallback
                0x080086b4       0x18 ./Drivers/STM32L4xx_HAL_Driver/Src/stm32l4xx_hal_uart.o
                0x080086b4                HAL_UARTEx_RxEventCallback
 .text.UART_SetConfig
                0x080086cc      0x570 ./Drivers/STM32L4xx_HAL_Driver/Src/stm32l4xx_hal_uart.o
                0x080086cc                UART_SetConfig
 .text.UART_AdvFeatureConfig
                0x08008c3c      0x144 ./Drivers/STM32L4xx_HAL_Driver/Src/stm32l4xx_hal_uart.o
                0x08008c3c                UART_AdvFeatureConfig
 .text.UART_CheckIdleState
                0x08008d80      0x150 ./Drivers/STM32L4xx_HAL_Driver/Src/stm32l4xx_hal_uart.o
                0x08008d80                UART_CheckIdleState
 .text.UART_WaitOnFlagUntilTimeout
                0x08008ed0       0xda ./Drivers/STM32L4xx_HAL_Driver/Src/stm32l4xx_hal_uart.o
                0x08008ed0                UART_WaitOnFlagUntilTimeout
 *fill*         0x08008faa        0x2 
 .text.UART_Start_Receive_IT
                0x08008fac      0x18c ./Drivers/STM32L4xx_HAL_Driver/Src/stm32l4xx_hal_uart.o
                0x08008fac                UART_Start_Receive_IT
 .text.UART_EndRxTransfer
                0x08009138       0xc8 ./Drivers/STM32L4xx_HAL_Driver/Src/stm32l4xx_hal_uart.o
 .text.UART_DMAAbortOnError
                0x08009200       0x2c ./Drivers/STM32L4xx_HAL_Driver/Src/stm32l4xx_hal_uart.o
 .text.UART_EndTransmit_IT
                0x0800922c       0x54 ./Drivers/STM32L4xx_HAL_Driver/Src/stm32l4xx_hal_uart.o
 .text.UART_RxISR_8BIT
                0x08009280      0x1bc ./Drivers/STM32L4xx_HAL_Driver/Src/stm32l4xx_hal_uart.o
 .text.UART_RxISR_16BIT
                0x0800943c      0x1bc ./Drivers/STM32L4xx_HAL_Driver/Src/stm32l4xx_hal_uart.o
 .text.HAL_UARTEx_WakeupCallback
                0x080095f8       0x14 ./Drivers/STM32L4xx_HAL_Driver/Src/stm32l4xx_hal_uart_ex.o
                0x080095f8                HAL_UARTEx_WakeupCallback
 .text.__NVIC_SetPriority
                0x0800960c       0x54 ./Middlewares/Third_Party/FreeRTOS/Source/CMSIS_RTOS_V2/cmsis_os2.o
 .text.SysTick_Handler
                0x08009660       0x20 ./Middlewares/Third_Party/FreeRTOS/Source/CMSIS_RTOS_V2/cmsis_os2.o
                0x08009660                SysTick_Handler
 .text.SVC_Setup
                0x08009680       0x12 ./Middlewares/Third_Party/FreeRTOS/Source/CMSIS_RTOS_V2/cmsis_os2.o
 *fill*         0x08009692        0x2 
 .text.osKernelInitialize
                0x08009694       0x48 ./Middlewares/Third_Party/FreeRTOS/Source/CMSIS_RTOS_V2/cmsis_os2.o
                0x08009694                osKernelInitialize
 .text.osKernelStart
                0x080096dc       0x4c ./Middlewares/Third_Party/FreeRTOS/Source/CMSIS_RTOS_V2/cmsis_os2.o
                0x080096dc                osKernelStart
 .text.osThreadNew
                0x08009728      0x124 ./Middlewares/Third_Party/FreeRTOS/Source/CMSIS_RTOS_V2/cmsis_os2.o
                0x08009728                osThreadNew
 .text.osDelay  0x0800984c       0x36 ./Middlewares/Third_Party/FreeRTOS/Source/CMSIS_RTOS_V2/cmsis_os2.o
                0x0800984c                osDelay
 .text.osSemaphoreNew
                0x08009882      0x112 ./Middlewares/Third_Party/FreeRTOS/Source/CMSIS_RTOS_V2/cmsis_os2.o
                0x08009882                osSemaphoreNew
 .text.vApplicationGetIdleTaskMemory
                0x08009994       0x34 ./Middlewares/Third_Party/FreeRTOS/Source/CMSIS_RTOS_V2/cmsis_os2.o
                0x08009994                vApplicationGetIdleTaskMemory
 .text.vApplicationGetTimerTaskMemory
                0x080099c8       0x34 ./Middlewares/Third_Party/FreeRTOS/Source/CMSIS_RTOS_V2/cmsis_os2.o
                0x080099c8                vApplicationGetTimerTaskMemory
 .text.vListInitialise
                0x080099fc       0x40 ./Middlewares/Third_Party/FreeRTOS/Source/list.o
                0x080099fc                vListInitialise
 .text.vListInitialiseItem
                0x08009a3c       0x1a ./Middlewares/Third_Party/FreeRTOS/Source/list.o
                0x08009a3c                vListInitialiseItem
 .text.vListInsertEnd
                0x08009a56       0x48 ./Middlewares/Third_Party/FreeRTOS/Source/list.o
                0x08009a56                vListInsertEnd
 .text.vListInsert
                0x08009a9e       0x72 ./Middlewares/Third_Party/FreeRTOS/Source/list.o
                0x08009a9e                vListInsert
 .text.uxListRemove
                0x08009b10       0x54 ./Middlewares/Third_Party/FreeRTOS/Source/list.o
                0x08009b10                uxListRemove
 .text.xQueueGenericReset
                0x08009b64       0xd4 ./Middlewares/Third_Party/FreeRTOS/Source/queue.o
                0x08009b64                xQueueGenericReset
 .text.xQueueGenericCreateStatic
                0x08009c38       0xfa ./Middlewares/Third_Party/FreeRTOS/Source/queue.o
                0x08009c38                xQueueGenericCreateStatic
 .text.xQueueGenericCreate
                0x08009d32       0x76 ./Middlewares/Third_Party/FreeRTOS/Source/queue.o
                0x08009d32                xQueueGenericCreate
 .text.prvInitialiseNewQueue
                0x08009da8       0x46 ./Middlewares/Third_Party/FreeRTOS/Source/queue.o
 .text.xQueueCreateCountingSemaphoreStatic
                0x08009dee       0x72 ./Middlewares/Third_Party/FreeRTOS/Source/queue.o
                0x08009dee                xQueueCreateCountingSemaphoreStatic
 .text.xQueueCreateCountingSemaphore
                0x08009e60       0x6a ./Middlewares/Third_Party/FreeRTOS/Source/queue.o
                0x08009e60                xQueueCreateCountingSemaphore
 *fill*         0x08009eca        0x2 
 .text.xQueueGenericSend
                0x08009ecc      0x204 ./Middlewares/Third_Party/FreeRTOS/Source/queue.o
                0x08009ecc                xQueueGenericSend
 .text.xQueueGenericSendFromISR
                0x0800a0d0      0x13c ./Middlewares/Third_Party/FreeRTOS/Source/queue.o
                0x0800a0d0                xQueueGenericSendFromISR
 .text.xQueueReceive
                0x0800a20c      0x1c4 ./Middlewares/Third_Party/FreeRTOS/Source/queue.o
                0x0800a20c                xQueueReceive
 .text.vQueueDelete
                0x0800a3d0       0x48 ./Middlewares/Third_Party/FreeRTOS/Source/queue.o
                0x0800a3d0                vQueueDelete
 .text.prvCopyDataToQueue
                0x0800a418       0xd4 ./Middlewares/Third_Party/FreeRTOS/Source/queue.o
 .text.prvCopyDataFromQueue
                0x0800a4ec       0x4c ./Middlewares/Third_Party/FreeRTOS/Source/queue.o
 .text.prvUnlockQueue
                0x0800a538       0xa4 ./Middlewares/Third_Party/FreeRTOS/Source/queue.o
 .text.prvIsQueueEmpty
                0x0800a5dc       0x2c ./Middlewares/Third_Party/FreeRTOS/Source/queue.o
 .text.prvIsQueueFull
                0x0800a608       0x30 ./Middlewares/Third_Party/FreeRTOS/Source/queue.o
 .text.vQueueAddToRegistry
                0x0800a638       0x54 ./Middlewares/Third_Party/FreeRTOS/Source/queue.o
                0x0800a638                vQueueAddToRegistry
 .text.vQueueUnregisterQueue
                0x0800a68c       0x54 ./Middlewares/Third_Party/FreeRTOS/Source/queue.o
                0x0800a68c                vQueueUnregisterQueue
 .text.vQueueWaitForMessageRestricted
                0x0800a6e0       0x68 ./Middlewares/Third_Party/FreeRTOS/Source/queue.o
                0x0800a6e0                vQueueWaitForMessageRestricted
 .text.xTaskCreateStatic
                0x0800a748       0xc0 ./Middlewares/Third_Party/FreeRTOS/Source/tasks.o
                0x0800a748                xTaskCreateStatic
 .text.xTaskCreate
                0x0800a808       0x8a ./Middlewares/Third_Party/FreeRTOS/Source/tasks.o
                0x0800a808                xTaskCreate
 *fill*         0x0800a892        0x2 
 .text.prvInitialiseNewTask
                0x0800a894      0x150 ./Middlewares/Third_Party/FreeRTOS/Source/tasks.o
 .text.prvAddNewTaskToReadyList
                0x0800a9e4       0xe0 ./Middlewares/Third_Party/FreeRTOS/Source/tasks.o
 .text.vTaskDelay
                0x0800aac4       0x6c ./Middlewares/Third_Party/FreeRTOS/Source/tasks.o
                0x0800aac4                vTaskDelay
 .text.vTaskStartScheduler
                0x0800ab30       0xe0 ./Middlewares/Third_Party/FreeRTOS/Source/tasks.o
                0x0800ab30                vTaskStartScheduler
 .text.vTaskSuspendAll
                0x0800ac10       0x1c ./Middlewares/Third_Party/FreeRTOS/Source/tasks.o
                0x0800ac10                vTaskSuspendAll
 .text.xTaskResumeAll
                0x0800ac2c      0x13c ./Middlewares/Third_Party/FreeRTOS/Source/tasks.o
                0x0800ac2c                xTaskResumeAll
 .text.xTaskGetTickCount
                0x0800ad68       0x20 ./Middlewares/Third_Party/FreeRTOS/Source/tasks.o
                0x0800ad68                xTaskGetTickCount
 .text.xTaskIncrementTick
                0x0800ad88      0x174 ./Middlewares/Third_Party/FreeRTOS/Source/tasks.o
                0x0800ad88                xTaskIncrementTick
 .text.vTaskSwitchContext
                0x0800aefc       0xcc ./Middlewares/Third_Party/FreeRTOS/Source/tasks.o
                0x0800aefc                vTaskSwitchContext
 .text.vTaskPlaceOnEventList
                0x0800afc8       0x4c ./Middlewares/Third_Party/FreeRTOS/Source/tasks.o
                0x0800afc8                vTaskPlaceOnEventList
 .text.vTaskPlaceOnEventListRestricted
                0x0800b014       0x58 ./Middlewares/Third_Party/FreeRTOS/Source/tasks.o
                0x0800b014                vTaskPlaceOnEventListRestricted
 .text.xTaskRemoveFromEventList
                0x0800b06c       0xc8 ./Middlewares/Third_Party/FreeRTOS/Source/tasks.o
                0x0800b06c                xTaskRemoveFromEventList
 .text.vTaskInternalSetTimeOutState
                0x0800b134       0x2c ./Middlewares/Third_Party/FreeRTOS/Source/tasks.o
                0x0800b134                vTaskInternalSetTimeOutState
 .text.xTaskCheckForTimeOut
                0x0800b160       0xc8 ./Middlewares/Third_Party/FreeRTOS/Source/tasks.o
                0x0800b160                xTaskCheckForTimeOut
 .text.vTaskMissedYield
                0x0800b228       0x18 ./Middlewares/Third_Party/FreeRTOS/Source/tasks.o
                0x0800b228                vTaskMissedYield
 .text.prvIdleTask
                0x0800b240       0x30 ./Middlewares/Third_Party/FreeRTOS/Source/tasks.o
 .text.prvInitialiseTaskLists
                0x0800b270       0x80 ./Middlewares/Third_Party/FreeRTOS/Source/tasks.o
 .text.prvCheckTasksWaitingTermination
                0x0800b2f0       0x5c ./Middlewares/Third_Party/FreeRTOS/Source/tasks.o
 .text.prvDeleteTCB
                0x0800b34c       0x6a ./Middlewares/Third_Party/FreeRTOS/Source/tasks.o
 *fill*         0x0800b3b6        0x2 
 .text.prvResetNextTaskUnblockTime
                0x0800b3b8       0x40 ./Middlewares/Third_Party/FreeRTOS/Source/tasks.o
 .text.xTaskGetSchedulerState
                0x0800b3f8       0x3c ./Middlewares/Third_Party/FreeRTOS/Source/tasks.o
                0x0800b3f8                xTaskGetSchedulerState
 .text.xTaskPriorityDisinherit
                0x0800b434       0xe0 ./Middlewares/Third_Party/FreeRTOS/Source/tasks.o
                0x0800b434                xTaskPriorityDisinherit
 .text.prvAddCurrentTaskToDelayedList
                0x0800b514       0xa8 ./Middlewares/Third_Party/FreeRTOS/Source/tasks.o
 .text.xTimerCreateTimerTask
                0x0800b5bc       0x94 ./Middlewares/Third_Party/FreeRTOS/Source/timers.o
                0x0800b5bc                xTimerCreateTimerTask
 .text.xTimerGenericCommand
                0x0800b650       0x9c ./Middlewares/Third_Party/FreeRTOS/Source/timers.o
                0x0800b650                xTimerGenericCommand
 .text.prvProcessExpiredTimer
                0x0800b6ec       0x9c ./Middlewares/Third_Party/FreeRTOS/Source/timers.o
 .text.prvTimerTask
                0x0800b788       0x26 ./Middlewares/Third_Party/FreeRTOS/Source/timers.o
 *fill*         0x0800b7ae        0x2 
 .text.prvProcessTimerOrBlockTask
                0x0800b7b0       0x9c ./Middlewares/Third_Party/FreeRTOS/Source/timers.o
 .text.prvGetNextExpireTime
                0x0800b84c       0x48 ./Middlewares/Third_Party/FreeRTOS/Source/timers.o
 .text.prvSampleTimeNow
                0x0800b894       0x40 ./Middlewares/Third_Party/FreeRTOS/Source/timers.o
 .text.prvInsertTimerInActiveList
                0x0800b8d4       0x84 ./Middlewares/Third_Party/FreeRTOS/Source/timers.o
 .text.prvProcessReceivedCommands
                0x0800b958      0x1cc ./Middlewares/Third_Party/FreeRTOS/Source/timers.o
 .text.prvSwitchTimerLists
                0x0800bb24       0xcc ./Middlewares/Third_Party/FreeRTOS/Source/timers.o
 .text.prvCheckForValidListAndQueue
                0x0800bbf0       0x80 ./Middlewares/Third_Party/FreeRTOS/Source/timers.o
 .text.pxPortInitialiseStack
                0x0800bc70       0x68 ./Middlewares/Third_Party/FreeRTOS/Source/portable/GCC/ARM_CM4F/port.o
                0x0800bc70                pxPortInitialiseStack
 .text.prvTaskExitError
                0x0800bcd8       0x5c ./Middlewares/Third_Party/FreeRTOS/Source/portable/GCC/ARM_CM4F/port.o
 *fill*         0x0800bd34        0xc 
 .text.SVC_Handler
                0x0800bd40       0x28 ./Middlewares/Third_Party/FreeRTOS/Source/portable/GCC/ARM_CM4F/port.o
                0x0800bd40                SVC_Handler
 .text.prvPortStartFirstTask
                0x0800bd68       0x28 ./Middlewares/Third_Party/FreeRTOS/Source/portable/GCC/ARM_CM4F/port.o
 .text.xPortStartScheduler
                0x0800bd90      0x148 ./Middlewares/Third_Party/FreeRTOS/Source/portable/GCC/ARM_CM4F/port.o
                0x0800bd90                xPortStartScheduler
 .text.vPortEnterCritical
                0x0800bed8       0x64 ./Middlewares/Third_Party/FreeRTOS/Source/portable/GCC/ARM_CM4F/port.o
                0x0800bed8                vPortEnterCritical
 .text.vPortExitCritical
                0x0800bf3c       0x54 ./Middlewares/Third_Party/FreeRTOS/Source/portable/GCC/ARM_CM4F/port.o
                0x0800bf3c                vPortExitCritical
 .text.PendSV_Handler
                0x0800bf90       0x68 ./Middlewares/Third_Party/FreeRTOS/Source/portable/GCC/ARM_CM4F/port.o
                0x0800bf90                PendSV_Handler
 .text.xPortSysTickHandler
                0x0800bff8       0x44 ./Middlewares/Third_Party/FreeRTOS/Source/portable/GCC/ARM_CM4F/port.o
                0x0800bff8                xPortSysTickHandler
 .text.vPortSetupTimerInterrupt
                0x0800c03c       0x48 ./Middlewares/Third_Party/FreeRTOS/Source/portable/GCC/ARM_CM4F/port.o
                0x0800c03c                vPortSetupTimerInterrupt
 .text.vPortEnableVFP
                0x0800c084       0x14 ./Middlewares/Third_Party/FreeRTOS/Source/portable/GCC/ARM_CM4F/port.o
 .text.vPortValidateInterruptPriority
                0x0800c098       0x84 ./Middlewares/Third_Party/FreeRTOS/Source/portable/GCC/ARM_CM4F/port.o
                0x0800c098                vPortValidateInterruptPriority
 .text.pvPortMalloc
                0x0800c11c      0x19c ./Middlewares/Third_Party/FreeRTOS/Source/portable/MemMang/heap_4.o
                0x0800c11c                pvPortMalloc
 .text.vPortFree
                0x0800c2b8       0xc8 ./Middlewares/Third_Party/FreeRTOS/Source/portable/MemMang/heap_4.o
                0x0800c2b8                vPortFree
 .text.prvHeapInit
                0x0800c380       0xc4 ./Middlewares/Third_Party/FreeRTOS/Source/portable/MemMang/heap_4.o
 .text.prvInsertBlockIntoFreeList
                0x0800c444       0xb4 ./Middlewares/Third_Party/FreeRTOS/Source/portable/MemMang/heap_4.o
 .text._ZdlPvj  0x0800c4f8        0x4 C:/ST/STM32CubeIDE_1.16.1/STM32CubeIDE/plugins/com.st.stm32cube.ide.mcu.externaltools.gnu-tools-for-stm32.12.3.rel1.win32_1.0.200.202406191623/tools/bin/../lib/gcc/arm-none-eabi/12.3.1/../../../../arm-none-eabi/lib/thumb/v7e-m+fp/hard\libstdc++_nano.a(del_ops.o)
                0x0800c4f8                operator delete(void*, unsigned int)
 .text._ZdlPv   0x0800c4fc        0x4 C:/ST/STM32CubeIDE_1.16.1/STM32CubeIDE/plugins/com.st.stm32cube.ide.mcu.externaltools.gnu-tools-for-stm32.12.3.rel1.win32_1.0.200.202406191623/tools/bin/../lib/gcc/arm-none-eabi/12.3.1/../../../../arm-none-eabi/lib/thumb/v7e-m+fp/hard\libstdc++_nano.a(del_op.o)
                0x0800c4fc                operator delete(void*)
 .text.free     0x0800c500       0x10 C:/ST/STM32CubeIDE_1.16.1/STM32CubeIDE/plugins/com.st.stm32cube.ide.mcu.externaltools.gnu-tools-for-stm32.12.3.rel1.win32_1.0.200.202406191623/tools/bin/../lib/gcc/arm-none-eabi/12.3.1/../../../../arm-none-eabi/lib/thumb/v7e-m+fp/hard\libc_nano.a(libc_a-malloc.o)
                0x0800c500                free
 .text.__malloc_lock
                0x0800c510        0xc C:/ST/STM32CubeIDE_1.16.1/STM32CubeIDE/plugins/com.st.stm32cube.ide.mcu.externaltools.gnu-tools-for-stm32.12.3.rel1.win32_1.0.200.202406191623/tools/bin/../lib/gcc/arm-none-eabi/12.3.1/../../../../arm-none-eabi/lib/thumb/v7e-m+fp/hard\libc_nano.a(libc_a-mlock.o)
                0x0800c510                __malloc_lock
 .text.__malloc_unlock
                0x0800c51c        0xc C:/ST/STM32CubeIDE_1.16.1/STM32CubeIDE/plugins/com.st.stm32cube.ide.mcu.externaltools.gnu-tools-for-stm32.12.3.rel1.win32_1.0.200.202406191623/tools/bin/../lib/gcc/arm-none-eabi/12.3.1/../../../../arm-none-eabi/lib/thumb/v7e-m+fp/hard\libc_nano.a(libc_a-mlock.o)
                0x0800c51c                __malloc_unlock
 .text.memset   0x0800c528       0x10 C:/ST/STM32CubeIDE_1.16.1/STM32CubeIDE/plugins/com.st.stm32cube.ide.mcu.externaltools.gnu-tools-for-stm32.12.3.rel1.win32_1.0.200.202406191623/tools/bin/../lib/gcc/arm-none-eabi/12.3.1/../../../../arm-none-eabi/lib/thumb/v7e-m+fp/hard\libc_nano.a(libc_a-memset.o)
                0x0800c528                memset
 .text._reclaim_reent
                0x0800c538       0xac C:/ST/STM32CubeIDE_1.16.1/STM32CubeIDE/plugins/com.st.stm32cube.ide.mcu.externaltools.gnu-tools-for-stm32.12.3.rel1.win32_1.0.200.202406191623/tools/bin/../lib/gcc/arm-none-eabi/12.3.1/../../../../arm-none-eabi/lib/thumb/v7e-m+fp/hard\libc_nano.a(libc_a-reent.o)
                0x0800c538                _reclaim_reent
 .text.__libc_init_array
                0x0800c5e4       0x48 C:/ST/STM32CubeIDE_1.16.1/STM32CubeIDE/plugins/com.st.stm32cube.ide.mcu.externaltools.gnu-tools-for-stm32.12.3.rel1.win32_1.0.200.202406191623/tools/bin/../lib/gcc/arm-none-eabi/12.3.1/../../../../arm-none-eabi/lib/thumb/v7e-m+fp/hard\libc_nano.a(libc_a-init.o)
                0x0800c5e4                __libc_init_array
 .text.__retarget_lock_acquire_recursive
                0x0800c62c        0x2 C:/ST/STM32CubeIDE_1.16.1/STM32CubeIDE/plugins/com.st.stm32cube.ide.mcu.externaltools.gnu-tools-for-stm32.12.3.rel1.win32_1.0.200.202406191623/tools/bin/../lib/gcc/arm-none-eabi/12.3.1/../../../../arm-none-eabi/lib/thumb/v7e-m+fp/hard\libc_nano.a(libc_a-lock.o)
                0x0800c62c                __retarget_lock_acquire_recursive
 .text.__retarget_lock_release_recursive
                0x0800c62e        0x2 C:/ST/STM32CubeIDE_1.16.1/STM32CubeIDE/plugins/com.st.stm32cube.ide.mcu.externaltools.gnu-tools-for-stm32.12.3.rel1.win32_1.0.200.202406191623/tools/bin/../lib/gcc/arm-none-eabi/12.3.1/../../../../arm-none-eabi/lib/thumb/v7e-m+fp/hard\libc_nano.a(libc_a-lock.o)
                0x0800c62e                __retarget_lock_release_recursive
 .text.memcpy   0x0800c630       0x1c C:/ST/STM32CubeIDE_1.16.1/STM32CubeIDE/plugins/com.st.stm32cube.ide.mcu.externaltools.gnu-tools-for-stm32.12.3.rel1.win32_1.0.200.202406191623/tools/bin/../lib/gcc/arm-none-eabi/12.3.1/../../../../arm-none-eabi/lib/thumb/v7e-m+fp/hard\libc_nano.a(libc_a-memcpy-stub.o)
                0x0800c630                memcpy
 .text._free_r  0x0800c64c       0x94 C:/ST/STM32CubeIDE_1.16.1/STM32CubeIDE/plugins/com.st.stm32cube.ide.mcu.externaltools.gnu-tools-for-stm32.12.3.rel1.win32_1.0.200.202406191623/tools/bin/../lib/gcc/arm-none-eabi/12.3.1/../../../../arm-none-eabi/lib/thumb/v7e-m+fp/hard\libc_nano.a(libc_a-freer.o)
                0x0800c64c                _free_r
 *(.glue_7)
 .glue_7        0x0800c6e0        0x0 linker stubs
 *(.glue_7t)
 .glue_7t       0x0800c6e0        0x0 linker stubs
 *(.eh_frame)
 .eh_frame      0x0800c6e0        0x0 C:/ST/STM32CubeIDE_1.16.1/STM32CubeIDE/plugins/com.st.stm32cube.ide.mcu.externaltools.gnu-tools-for-stm32.12.3.rel1.win32_1.0.200.202406191623/tools/bin/../lib/gcc/arm-none-eabi/12.3.1/thumb/v7e-m+fp/hard/crtbegin.o
 *(.init)
 .init          0x0800c6e0        0x4 C:/ST/STM32CubeIDE_1.16.1/STM32CubeIDE/plugins/com.st.stm32cube.ide.mcu.externaltools.gnu-tools-for-stm32.12.3.rel1.win32_1.0.200.202406191623/tools/bin/../lib/gcc/arm-none-eabi/12.3.1/thumb/v7e-m+fp/hard/crti.o
                0x0800c6e0                _init
 .init          0x0800c6e4        0x8 C:/ST/STM32CubeIDE_1.16.1/STM32CubeIDE/plugins/com.st.stm32cube.ide.mcu.externaltools.gnu-tools-for-stm32.12.3.rel1.win32_1.0.200.202406191623/tools/bin/../lib/gcc/arm-none-eabi/12.3.1/thumb/v7e-m+fp/hard/crtn.o
 *(.fini)
 .fini          0x0800c6ec        0x4 C:/ST/STM32CubeIDE_1.16.1/STM32CubeIDE/plugins/com.st.stm32cube.ide.mcu.externaltools.gnu-tools-for-stm32.12.3.rel1.win32_1.0.200.202406191623/tools/bin/../lib/gcc/arm-none-eabi/12.3.1/thumb/v7e-m+fp/hard/crti.o
                0x0800c6ec                _fini
 .fini          0x0800c6f0        0x8 C:/ST/STM32CubeIDE_1.16.1/STM32CubeIDE/plugins/com.st.stm32cube.ide.mcu.externaltools.gnu-tools-for-stm32.12.3.rel1.win32_1.0.200.202406191623/tools/bin/../lib/gcc/arm-none-eabi/12.3.1/thumb/v7e-m+fp/hard/crtn.o
                0x0800c6f8                        . = ALIGN (0x4)
                0x0800c6f8                        _etext = .

.vfp11_veneer   0x0800c6f8        0x0
 .vfp11_veneer  0x0800c6f8        0x0 linker stubs

.v4_bx          0x0800c6f8        0x0
 .v4_bx         0x0800c6f8        0x0 linker stubs

.iplt           0x0800c6f8        0x0
 .iplt          0x0800c6f8        0x0 C:/ST/STM32CubeIDE_1.16.1/STM32CubeIDE/plugins/com.st.stm32cube.ide.mcu.externaltools.gnu-tools-for-stm32.12.3.rel1.win32_1.0.200.202406191623/tools/bin/../lib/gcc/arm-none-eabi/12.3.1/thumb/v7e-m+fp/hard/crtbegin.o

.rodata         0x0800c6f8      0x6ec
                0x0800c6f8                        . = ALIGN (0x4)
 *(.rodata)
 .rodata        0x0800c6f8       0x3a ./Core/Src/User.o
 *fill*         0x0800c732        0x2 
 .rodata        0x0800c734       0x56 ./Core/Src/main.o
 *fill*         0x0800c78a        0x2 
 .rodata        0x0800c78c        0x5 ./Middlewares/Third_Party/FreeRTOS/Source/tasks.o
 *fill*         0x0800c791        0x3 
 .rodata        0x0800c794        0xd ./Middlewares/Third_Party/FreeRTOS/Source/timers.o
 *(.rodata*)
 *fill*         0x0800c7a1        0x3 
 .rodata._ZL4font
                0x0800c7a4      0x500 ./Core/Src/Drivers/ILI9341.o
 .rodata._ZL7initcmd
                0x0800cca4       0x22 ./Core/Src/Drivers/ILI9341.o
 *fill*         0x0800ccc6        0x2 
 .rodata._ZTV7ILI9341
                0x0800ccc8       0x10 ./Core/Src/Drivers/ILI9341.o
                0x0800ccc8                vtable for ILI9341
 .rodata._ZL20HeartBeat_attributes
                0x0800ccd8       0x24 ./Core/Src/main.o
 .rodata._ZL26Critical_Inputs_attributes
                0x0800ccfc       0x24 ./Core/Src/main.o
 .rodata._ZL25ReadIOExpander_attributes
                0x0800cd20       0x24 ./Core/Src/main.o
 .rodata._ZL26Outputs_Control_attributes
                0x0800cd44       0x24 ./Core/Src/main.o
 .rodata._ZL24ScreenControl_attributes
                0x0800cd68       0x24 ./Core/Src/main.o
 .rodata._ZL20CAN_Mutex_attributes
                0x0800cd8c       0x10 ./Core/Src/main.o
 .rodata.AHBPrescTable
                0x0800cd9c       0x10 ./Core/Src/system_stm32l4xx.o
                0x0800cd9c                AHBPrescTable
 .rodata.APBPrescTable
                0x0800cdac        0x8 ./Core/Src/system_stm32l4xx.o
                0x0800cdac                APBPrescTable
 .rodata.MSIRangeTable
                0x0800cdb4       0x30 ./Core/Src/system_stm32l4xx.o
                0x0800cdb4                MSIRangeTable
                0x0800cde4                        . = ALIGN (0x4)

.ARM.extab      0x0800cde4        0x0
                0x0800cde4                        . = ALIGN (0x4)
 *(.ARM.extab* .gnu.linkonce.armextab.*)
                0x0800cde4                        . = ALIGN (0x4)

.ARM            0x0800cde4        0x8
                0x0800cde4                        . = ALIGN (0x4)
                0x0800cde4                        __exidx_start = .
 *(.ARM.exidx*)
 .ARM.exidx     0x0800cde4        0x8 C:/ST/STM32CubeIDE_1.16.1/STM32CubeIDE/plugins/com.st.stm32cube.ide.mcu.externaltools.gnu-tools-for-stm32.12.3.rel1.win32_1.0.200.202406191623/tools/bin/../lib/gcc/arm-none-eabi/12.3.1/thumb/v7e-m+fp/hard\libgcc.a(_udivmoddi4.o)
                0x0800cdec                        __exidx_end = .
                0x0800cdec                        . = ALIGN (0x4)

.preinit_array  0x0800cdec        0x0
                0x0800cdec                        . = ALIGN (0x4)
                0x0800cdec                        PROVIDE (__preinit_array_start = .)
 *(.preinit_array*)
                0x0800cdec                        PROVIDE (__preinit_array_end = .)
                0x0800cdec                        . = ALIGN (0x4)

.init_array     0x0800cdec        0x8
                0x0800cdec                        . = ALIGN (0x4)
                0x0800cdec                        PROVIDE (__init_array_start = .)
 *(SORT_BY_NAME(.init_array.*))
 *(.init_array*)
 .init_array    0x0800cdec        0x4 C:/ST/STM32CubeIDE_1.16.1/STM32CubeIDE/plugins/com.st.stm32cube.ide.mcu.externaltools.gnu-tools-for-stm32.12.3.rel1.win32_1.0.200.202406191623/tools/bin/../lib/gcc/arm-none-eabi/12.3.1/thumb/v7e-m+fp/hard/crtbegin.o
 .init_array    0x0800cdf0        0x4 ./Core/Src/User.o
                0x0800cdf4                        PROVIDE (__init_array_end = .)
                0x0800cdf4                        . = ALIGN (0x4)

.fini_array     0x0800cdf4        0x8
                0x0800cdf4                        . = ALIGN (0x4)
                [!provide]                        PROVIDE (__fini_array_start = .)
 *(SORT_BY_NAME(.fini_array.*))
 *(.fini_array*)
 .fini_array    0x0800cdf4        0x4 C:/ST/STM32CubeIDE_1.16.1/STM32CubeIDE/plugins/com.st.stm32cube.ide.mcu.externaltools.gnu-tools-for-stm32.12.3.rel1.win32_1.0.200.202406191623/tools/bin/../lib/gcc/arm-none-eabi/12.3.1/thumb/v7e-m+fp/hard/crtbegin.o
 .fini_array    0x0800cdf8        0x4 ./Core/Src/User.o
                [!provide]                        PROVIDE (__fini_array_end = .)
                0x0800cdfc                        . = ALIGN (0x4)
                0x0800cdfc                        _sidata = LOADADDR (.data)

.rel.dyn        0x0800cdfc        0x0
 .rel.iplt      0x0800cdfc        0x0 C:/ST/STM32CubeIDE_1.16.1/STM32CubeIDE/plugins/com.st.stm32cube.ide.mcu.externaltools.gnu-tools-for-stm32.12.3.rel1.win32_1.0.200.202406191623/tools/bin/../lib/gcc/arm-none-eabi/12.3.1/thumb/v7e-m+fp/hard/crtbegin.o

.data           0x20000000       0x60 load address 0x0800cdfc
                0x20000000                        . = ALIGN (0x4)
                0x20000000                        _sdata = .
 *(.data)
 *(.data*)
 .data.SystemCoreClock
                0x20000000        0x4 ./Core/Src/system_stm32l4xx.o
                0x20000000                SystemCoreClock
 .data.uwTickPrio
                0x20000004        0x4 ./Drivers/STM32L4xx_HAL_Driver/Src/stm32l4xx_hal.o
                0x20000004                uwTickPrio
 .data.uwTickFreq
                0x20000008        0x1 ./Drivers/STM32L4xx_HAL_Driver/Src/stm32l4xx_hal.o
                0x20000008                uwTickFreq
 *fill*         0x20000009        0x3 
 .data.uxCriticalNesting
                0x2000000c        0x4 ./Middlewares/Third_Party/FreeRTOS/Source/portable/GCC/ARM_CM4F/port.o
 .data._impure_ptr
                0x20000010        0x4 C:/ST/STM32CubeIDE_1.16.1/STM32CubeIDE/plugins/com.st.stm32cube.ide.mcu.externaltools.gnu-tools-for-stm32.12.3.rel1.win32_1.0.200.202406191623/tools/bin/../lib/gcc/arm-none-eabi/12.3.1/../../../../arm-none-eabi/lib/thumb/v7e-m+fp/hard\libc_nano.a(libc_a-impure.o)
                0x20000010                _impure_ptr
 .data._impure_data
                0x20000014       0x4c C:/ST/STM32CubeIDE_1.16.1/STM32CubeIDE/plugins/com.st.stm32cube.ide.mcu.externaltools.gnu-tools-for-stm32.12.3.rel1.win32_1.0.200.202406191623/tools/bin/../lib/gcc/arm-none-eabi/12.3.1/../../../../arm-none-eabi/lib/thumb/v7e-m+fp/hard\libc_nano.a(libc_a-impure.o)
                0x20000014                _impure_data
 *(.RamFunc)
 *(.RamFunc*)
                0x20000060                        . = ALIGN (0x4)
                0x20000060                        _edata = .

.igot.plt       0x20000060        0x0 load address 0x0800ce5c
 .igot.plt      0x20000060        0x0 C:/ST/STM32CubeIDE_1.16.1/STM32CubeIDE/plugins/com.st.stm32cube.ide.mcu.externaltools.gnu-tools-for-stm32.12.3.rel1.win32_1.0.200.202406191623/tools/bin/../lib/gcc/arm-none-eabi/12.3.1/thumb/v7e-m+fp/hard/crtbegin.o
                0x20000060                        . = ALIGN (0x4)

.bss            0x20000060     0x29ac load address 0x0800ce5c
                0x20000060                        _sbss = .
                0x20000060                        __bss_start__ = _sbss
 *(.bss)
 .bss           0x20000060       0x1c C:/ST/STM32CubeIDE_1.16.1/STM32CubeIDE/plugins/com.st.stm32cube.ide.mcu.externaltools.gnu-tools-for-stm32.12.3.rel1.win32_1.0.200.202406191623/tools/bin/../lib/gcc/arm-none-eabi/12.3.1/thumb/v7e-m+fp/hard/crtbegin.o
 *(.bss*)
 .bss.U5        0x2000007c        0x8 ./Core/Src/User.o
                0x2000007c                U5
 .bss.U16       0x20000084        0x8 ./Core/Src/User.o
                0x20000084                U16
 .bss.U7        0x2000008c        0x8 ./Core/Src/User.o
                0x2000008c                U7
 .bss.adc_buf   0x20000094       0x14 ./Core/Src/User.o
                0x20000094                adc_buf
 .bss.dma_flag  0x200000a8        0x1 ./Core/Src/User.o
                0x200000a8                dma_flag
 .bss._ZL9cc_enable
                0x200000a9        0x1 ./Core/Src/User.o
 .bss._ZL24GPIO_Interrupt_Triggered
                0x200000aa        0x1 ./Core/Src/User.o
 .bss.outputPortState
                0x200000ab        0x1 ./Core/Src/User.o
                0x200000ab                outputPortState
 .bss.uart_rx   0x200000ac        0x1 ./Core/Src/User.o
                0x200000ac                uart_rx
 .bss.lightState
                0x200000ad        0x1 ./Core/Src/User.o
                0x200000ad                lightState
 .bss.oldLightsState
                0x200000ae        0x1 ./Core/Src/User.o
                0x200000ae                oldLightsState
 .bss.hornState
                0x200000af        0x1 ./Core/Src/User.o
                0x200000af                hornState
 .bss.BMS_Status
                0x200000b0        0x1 ./Core/Src/User.o
                0x200000b0                BMS_Status
 .bss.MC_Status
                0x200000b1        0x1 ./Core/Src/User.o
                0x200000b1                MC_Status
 .bss.Array_Status
                0x200000b2        0x1 ./Core/Src/User.o
                0x200000b2                Array_Status
 .bss.old_BMS_Status
                0x200000b3        0x1 ./Core/Src/User.o
                0x200000b3                old_BMS_Status
 .bss.old_MC_Status
                0x200000b4        0x1 ./Core/Src/User.o
                0x200000b4                old_MC_Status
 .bss.old_Array_Status
                0x200000b5        0x1 ./Core/Src/User.o
                0x200000b5                old_Array_Status
 *fill*         0x200000b6        0x2 
 .bss.screen    0x200000b8       0x70 ./Core/Src/User.o
                0x200000b8                screen
 .bss._ZZ11StartTask02PvE9update_cc
                0x20000128        0x1 ./Core/Src/User.o
 .bss._ZZ19Update_CAN_Message1PhS_S_E11prev_input1
                0x20000129        0x1 ./Core/Src/User.o
 .bss._ZZ19Update_CAN_Message1PhS_S_E11prev_input2
                0x2000012a        0x1 ./Core/Src/User.o
 *fill*         0x2000012b        0x1 
 .bss.hadc1     0x2000012c       0x68 ./Core/Src/main.o
                0x2000012c                hadc1
 .bss.hdma_adc1
                0x20000194       0x48 ./Core/Src/main.o
                0x20000194                hdma_adc1
 .bss.hcan1     0x200001dc       0x28 ./Core/Src/main.o
                0x200001dc                hcan1
 .bss.hcan2     0x20000204       0x28 ./Core/Src/main.o
                0x20000204                hcan2
 .bss.hi2c4     0x2000022c       0x54 ./Core/Src/main.o
                0x2000022c                hi2c4
 .bss.huart4    0x20000280       0x88 ./Core/Src/main.o
                0x20000280                huart4
 .bss.HeartBeatHandle
                0x20000308        0x4 ./Core/Src/main.o
                0x20000308                HeartBeatHandle
 .bss.Critical_InputsHandle
                0x2000030c        0x4 ./Core/Src/main.o
                0x2000030c                Critical_InputsHandle
 .bss.ReadIOExpanderHandle
                0x20000310        0x4 ./Core/Src/main.o
                0x20000310                ReadIOExpanderHandle
 .bss.Outputs_ControlHandle
                0x20000314        0x4 ./Core/Src/main.o
                0x20000314                Outputs_ControlHandle
 .bss.ScreenControlHandle
                0x20000318        0x4 ./Core/Src/main.o
                0x20000318                ScreenControlHandle
 .bss.CAN_MutexHandle
                0x2000031c        0x4 ./Core/Src/main.o
                0x2000031c                CAN_MutexHandle
 .bss.HAL_RCC_CAN1_CLK_ENABLED
                0x20000320        0x4 ./Core/Src/stm32l4xx_hal_msp.o
 .bss.htim3     0x20000324       0x4c ./Core/Src/stm32l4xx_hal_timebase_tim.o
                0x20000324                htim3
 .bss.uwTick    0x20000370        0x4 ./Drivers/STM32L4xx_HAL_Driver/Src/stm32l4xx_hal.o
                0x20000370                uwTick
 .bss.KernelState
                0x20000374        0x4 ./Middlewares/Third_Party/FreeRTOS/Source/CMSIS_RTOS_V2/cmsis_os2.o
 .bss.Idle_TCB.3
                0x20000378       0xa8 ./Middlewares/Third_Party/FreeRTOS/Source/CMSIS_RTOS_V2/cmsis_os2.o
 .bss.Idle_Stack.2
                0x20000420      0x200 ./Middlewares/Third_Party/FreeRTOS/Source/CMSIS_RTOS_V2/cmsis_os2.o
 .bss.Timer_TCB.1
                0x20000620       0xa8 ./Middlewares/Third_Party/FreeRTOS/Source/CMSIS_RTOS_V2/cmsis_os2.o
 .bss.Timer_Stack.0
                0x200006c8      0x400 ./Middlewares/Third_Party/FreeRTOS/Source/CMSIS_RTOS_V2/cmsis_os2.o
 .bss.xQueueRegistry
                0x20000ac8       0x40 ./Middlewares/Third_Party/FreeRTOS/Source/queue.o
                0x20000ac8                xQueueRegistry
 .bss.pxCurrentTCB
                0x20000b08        0x4 ./Middlewares/Third_Party/FreeRTOS/Source/tasks.o
                0x20000b08                pxCurrentTCB
 .bss.pxReadyTasksLists
                0x20000b0c      0x460 ./Middlewares/Third_Party/FreeRTOS/Source/tasks.o
 .bss.xDelayedTaskList1
                0x20000f6c       0x14 ./Middlewares/Third_Party/FreeRTOS/Source/tasks.o
 .bss.xDelayedTaskList2
                0x20000f80       0x14 ./Middlewares/Third_Party/FreeRTOS/Source/tasks.o
 .bss.pxDelayedTaskList
                0x20000f94        0x4 ./Middlewares/Third_Party/FreeRTOS/Source/tasks.o
 .bss.pxOverflowDelayedTaskList
                0x20000f98        0x4 ./Middlewares/Third_Party/FreeRTOS/Source/tasks.o
 .bss.xPendingReadyList
                0x20000f9c       0x14 ./Middlewares/Third_Party/FreeRTOS/Source/tasks.o
 .bss.xTasksWaitingTermination
                0x20000fb0       0x14 ./Middlewares/Third_Party/FreeRTOS/Source/tasks.o
 .bss.uxDeletedTasksWaitingCleanUp
                0x20000fc4        0x4 ./Middlewares/Third_Party/FreeRTOS/Source/tasks.o
 .bss.xSuspendedTaskList
                0x20000fc8       0x14 ./Middlewares/Third_Party/FreeRTOS/Source/tasks.o
 .bss.uxCurrentNumberOfTasks
                0x20000fdc        0x4 ./Middlewares/Third_Party/FreeRTOS/Source/tasks.o
 .bss.xTickCount
                0x20000fe0        0x4 ./Middlewares/Third_Party/FreeRTOS/Source/tasks.o
 .bss.uxTopReadyPriority
                0x20000fe4        0x4 ./Middlewares/Third_Party/FreeRTOS/Source/tasks.o
 .bss.xSchedulerRunning
                0x20000fe8        0x4 ./Middlewares/Third_Party/FreeRTOS/Source/tasks.o
 .bss.xPendedTicks
                0x20000fec        0x4 ./Middlewares/Third_Party/FreeRTOS/Source/tasks.o
 .bss.xYieldPending
                0x20000ff0        0x4 ./Middlewares/Third_Party/FreeRTOS/Source/tasks.o
 .bss.xNumOfOverflows
                0x20000ff4        0x4 ./Middlewares/Third_Party/FreeRTOS/Source/tasks.o
 .bss.uxTaskNumber
                0x20000ff8        0x4 ./Middlewares/Third_Party/FreeRTOS/Source/tasks.o
 .bss.xNextTaskUnblockTime
                0x20000ffc        0x4 ./Middlewares/Third_Party/FreeRTOS/Source/tasks.o
 .bss.xIdleTaskHandle
                0x20001000        0x4 ./Middlewares/Third_Party/FreeRTOS/Source/tasks.o
 .bss.uxSchedulerSuspended
                0x20001004        0x4 ./Middlewares/Third_Party/FreeRTOS/Source/tasks.o
 .bss.xActiveTimerList1
                0x20001008       0x14 ./Middlewares/Third_Party/FreeRTOS/Source/timers.o
 .bss.xActiveTimerList2
                0x2000101c       0x14 ./Middlewares/Third_Party/FreeRTOS/Source/timers.o
 .bss.pxCurrentTimerList
                0x20001030        0x4 ./Middlewares/Third_Party/FreeRTOS/Source/timers.o
 .bss.pxOverflowTimerList
                0x20001034        0x4 ./Middlewares/Third_Party/FreeRTOS/Source/timers.o
 .bss.xTimerQueue
                0x20001038        0x4 ./Middlewares/Third_Party/FreeRTOS/Source/timers.o
 .bss.xTimerTaskHandle
                0x2000103c        0x4 ./Middlewares/Third_Party/FreeRTOS/Source/timers.o
 .bss.xLastTime.2
                0x20001040        0x4 ./Middlewares/Third_Party/FreeRTOS/Source/timers.o
 .bss.ucStaticTimerQueueStorage.1
                0x20001044       0xa0 ./Middlewares/Third_Party/FreeRTOS/Source/timers.o
 .bss.xStaticTimerQueue.0
                0x200010e4       0x50 ./Middlewares/Third_Party/FreeRTOS/Source/timers.o
 .bss.ucMaxSysCallPriority
                0x20001134        0x1 ./Middlewares/Third_Party/FreeRTOS/Source/portable/GCC/ARM_CM4F/port.o
 *fill*         0x20001135        0x3 
 .bss.ulMaxPRIGROUPValue
                0x20001138        0x4 ./Middlewares/Third_Party/FreeRTOS/Source/portable/GCC/ARM_CM4F/port.o
 .bss.ucHeap    0x2000113c     0x1770 ./Middlewares/Third_Party/FreeRTOS/Source/portable/MemMang/heap_4.o
 .bss.xStart    0x200028ac        0x8 ./Middlewares/Third_Party/FreeRTOS/Source/portable/MemMang/heap_4.o
 .bss.pxEnd     0x200028b4        0x4 ./Middlewares/Third_Party/FreeRTOS/Source/portable/MemMang/heap_4.o
 .bss.xFreeBytesRemaining
                0x200028b8        0x4 ./Middlewares/Third_Party/FreeRTOS/Source/portable/MemMang/heap_4.o
 .bss.xMinimumEverFreeBytesRemaining
                0x200028bc        0x4 ./Middlewares/Third_Party/FreeRTOS/Source/portable/MemMang/heap_4.o
 .bss.xNumberOfSuccessfulAllocations
                0x200028c0        0x4 ./Middlewares/Third_Party/FreeRTOS/Source/portable/MemMang/heap_4.o
 .bss.xNumberOfSuccessfulFrees
                0x200028c4        0x4 ./Middlewares/Third_Party/FreeRTOS/Source/portable/MemMang/heap_4.o
 .bss.xBlockAllocatedBit
                0x200028c8        0x4 ./Middlewares/Third_Party/FreeRTOS/Source/portable/MemMang/heap_4.o
 .bss.__malloc_free_list
                0x200028cc        0x4 C:/ST/STM32CubeIDE_1.16.1/STM32CubeIDE/plugins/com.st.stm32cube.ide.mcu.externaltools.gnu-tools-for-stm32.12.3.rel1.win32_1.0.200.202406191623/tools/bin/../lib/gcc/arm-none-eabi/12.3.1/../../../../arm-none-eabi/lib/thumb/v7e-m+fp/hard\libc_nano.a(libc_a-mallocr.o)
                0x200028cc                __malloc_free_list
 .bss.__sf      0x200028d0      0x138 C:/ST/STM32CubeIDE_1.16.1/STM32CubeIDE/plugins/com.st.stm32cube.ide.mcu.externaltools.gnu-tools-for-stm32.12.3.rel1.win32_1.0.200.202406191623/tools/bin/../lib/gcc/arm-none-eabi/12.3.1/../../../../arm-none-eabi/lib/thumb/v7e-m+fp/hard\libc_nano.a(libc_a-findfp.o)
                0x200028d0                __sf
 .bss.__lock___malloc_recursive_mutex
                0x20002a08        0x1 C:/ST/STM32CubeIDE_1.16.1/STM32CubeIDE/plugins/com.st.stm32cube.ide.mcu.externaltools.gnu-tools-for-stm32.12.3.rel1.win32_1.0.200.202406191623/tools/bin/../lib/gcc/arm-none-eabi/12.3.1/../../../../arm-none-eabi/lib/thumb/v7e-m+fp/hard\libc_nano.a(libc_a-lock.o)
                0x20002a08                __lock___malloc_recursive_mutex
 *(COMMON)
                0x20002a0c                        . = ALIGN (0x4)
 *fill*         0x20002a09        0x3 
                0x20002a0c                        _ebss = .
                0x20002a0c                        __bss_end__ = _ebss

._user_heap_stack
                0x20002a0c      0x604 load address 0x0800ce5c
                0x20002a10                        . = ALIGN (0x8)
 *fill*         0x20002a0c        0x4 
                [!provide]                        PROVIDE (end = .)
                0x20002a10                        PROVIDE (_end = .)
                0x20002c10                        . = (. + _Min_Heap_Size)
 *fill*         0x20002a10      0x200 
                0x20003010                        . = (. + _Min_Stack_Size)
 *fill*         0x20002c10      0x400 
                0x20003010                        . = ALIGN (0x8)

/DISCARD/
 libc.a(*)
 libm.a(*)
 libgcc.a(*)

.ARM.attributes
                0x00000000       0x30
 *(.ARM.attributes)
 .ARM.attributes
                0x00000000       0x22 C:/ST/STM32CubeIDE_1.16.1/STM32CubeIDE/plugins/com.st.stm32cube.ide.mcu.externaltools.gnu-tools-for-stm32.12.3.rel1.win32_1.0.200.202406191623/tools/bin/../lib/gcc/arm-none-eabi/12.3.1/thumb/v7e-m+fp/hard/crti.o
 .ARM.attributes
                0x00000022       0x34 C:/ST/STM32CubeIDE_1.16.1/STM32CubeIDE/plugins/com.st.stm32cube.ide.mcu.externaltools.gnu-tools-for-stm32.12.3.rel1.win32_1.0.200.202406191623/tools/bin/../lib/gcc/arm-none-eabi/12.3.1/thumb/v7e-m+fp/hard/crtbegin.o
 .ARM.attributes
                0x00000056       0x34 ./Core/Src/Drivers/ILI9341.o
 .ARM.attributes
                0x0000008a       0x34 ./Core/Src/Drivers/TCAL9538RSVR.o
 .ARM.attributes
                0x000000be       0x34 ./Core/Src/User.o
 .ARM.attributes
                0x000000f2       0x34 ./Core/Src/main.o
 .ARM.attributes
                0x00000126       0x34 ./Core/Src/stm32l4xx_hal_msp.o
 .ARM.attributes
                0x0000015a       0x34 ./Core/Src/stm32l4xx_hal_timebase_tim.o
 .ARM.attributes
                0x0000018e       0x34 ./Core/Src/stm32l4xx_it.o
 .ARM.attributes
                0x000001c2       0x34 ./Core/Src/system_stm32l4xx.o
 .ARM.attributes
                0x000001f6       0x21 ./Core/Startup/startup_stm32l496rgtx.o
 .ARM.attributes
                0x00000217       0x34 ./Drivers/STM32L4xx_HAL_Driver/Src/stm32l4xx_hal.o
 .ARM.attributes
                0x0000024b       0x34 ./Drivers/STM32L4xx_HAL_Driver/Src/stm32l4xx_hal_adc.o
 .ARM.attributes
                0x0000027f       0x34 ./Drivers/STM32L4xx_HAL_Driver/Src/stm32l4xx_hal_adc_ex.o
 .ARM.attributes
                0x000002b3       0x34 ./Drivers/STM32L4xx_HAL_Driver/Src/stm32l4xx_hal_can.o
 .ARM.attributes
                0x000002e7       0x34 ./Drivers/STM32L4xx_HAL_Driver/Src/stm32l4xx_hal_cortex.o
 .ARM.attributes
                0x0000031b       0x34 ./Drivers/STM32L4xx_HAL_Driver/Src/stm32l4xx_hal_dma.o
 .ARM.attributes
                0x0000034f       0x34 ./Drivers/STM32L4xx_HAL_Driver/Src/stm32l4xx_hal_gpio.o
 .ARM.attributes
                0x00000383       0x34 ./Drivers/STM32L4xx_HAL_Driver/Src/stm32l4xx_hal_i2c.o
 .ARM.attributes
                0x000003b7       0x34 ./Drivers/STM32L4xx_HAL_Driver/Src/stm32l4xx_hal_i2c_ex.o
 .ARM.attributes
                0x000003eb       0x34 ./Drivers/STM32L4xx_HAL_Driver/Src/stm32l4xx_hal_pwr_ex.o
 .ARM.attributes
                0x0000041f       0x34 ./Drivers/STM32L4xx_HAL_Driver/Src/stm32l4xx_hal_rcc.o
 .ARM.attributes
                0x00000453       0x34 ./Drivers/STM32L4xx_HAL_Driver/Src/stm32l4xx_hal_rcc_ex.o
 .ARM.attributes
                0x00000487       0x34 ./Drivers/STM32L4xx_HAL_Driver/Src/stm32l4xx_hal_tim.o
 .ARM.attributes
                0x000004bb       0x34 ./Drivers/STM32L4xx_HAL_Driver/Src/stm32l4xx_hal_tim_ex.o
 .ARM.attributes
                0x000004ef       0x34 ./Drivers/STM32L4xx_HAL_Driver/Src/stm32l4xx_hal_uart.o
 .ARM.attributes
                0x00000523       0x34 ./Drivers/STM32L4xx_HAL_Driver/Src/stm32l4xx_hal_uart_ex.o
 .ARM.attributes
                0x00000557       0x34 ./Middlewares/Third_Party/FreeRTOS/Source/CMSIS_RTOS_V2/cmsis_os2.o
 .ARM.attributes
                0x0000058b       0x34 ./Middlewares/Third_Party/FreeRTOS/Source/list.o
 .ARM.attributes
                0x000005bf       0x34 ./Middlewares/Third_Party/FreeRTOS/Source/queue.o
 .ARM.attributes
                0x000005f3       0x34 ./Middlewares/Third_Party/FreeRTOS/Source/tasks.o
 .ARM.attributes
                0x00000627       0x34 ./Middlewares/Third_Party/FreeRTOS/Source/timers.o
 .ARM.attributes
                0x0000065b       0x34 ./Middlewares/Third_Party/FreeRTOS/Source/portable/GCC/ARM_CM4F/port.o
 .ARM.attributes
                0x0000068f       0x34 ./Middlewares/Third_Party/FreeRTOS/Source/portable/MemMang/heap_4.o
 .ARM.attributes
                0x000006c3       0x34 C:/ST/STM32CubeIDE_1.16.1/STM32CubeIDE/plugins/com.st.stm32cube.ide.mcu.externaltools.gnu-tools-for-stm32.12.3.rel1.win32_1.0.200.202406191623/tools/bin/../lib/gcc/arm-none-eabi/12.3.1/../../../../arm-none-eabi/lib/thumb/v7e-m+fp/hard\libstdc++_nano.a(del_ops.o)
 .ARM.attributes
                0x000006f7       0x34 C:/ST/STM32CubeIDE_1.16.1/STM32CubeIDE/plugins/com.st.stm32cube.ide.mcu.externaltools.gnu-tools-for-stm32.12.3.rel1.win32_1.0.200.202406191623/tools/bin/../lib/gcc/arm-none-eabi/12.3.1/../../../../arm-none-eabi/lib/thumb/v7e-m+fp/hard\libstdc++_nano.a(del_op.o)
 .ARM.attributes
                0x0000072b       0x34 C:/ST/STM32CubeIDE_1.16.1/STM32CubeIDE/plugins/com.st.stm32cube.ide.mcu.externaltools.gnu-tools-for-stm32.12.3.rel1.win32_1.0.200.202406191623/tools/bin/../lib/gcc/arm-none-eabi/12.3.1/../../../../arm-none-eabi/lib/thumb/v7e-m+fp/hard\libc_nano.a(libc_a-malloc.o)
 .ARM.attributes
                0x0000075f       0x34 C:/ST/STM32CubeIDE_1.16.1/STM32CubeIDE/plugins/com.st.stm32cube.ide.mcu.externaltools.gnu-tools-for-stm32.12.3.rel1.win32_1.0.200.202406191623/tools/bin/../lib/gcc/arm-none-eabi/12.3.1/../../../../arm-none-eabi/lib/thumb/v7e-m+fp/hard\libc_nano.a(libc_a-mallocr.o)
 .ARM.attributes
                0x00000793       0x34 C:/ST/STM32CubeIDE_1.16.1/STM32CubeIDE/plugins/com.st.stm32cube.ide.mcu.externaltools.gnu-tools-for-stm32.12.3.rel1.win32_1.0.200.202406191623/tools/bin/../lib/gcc/arm-none-eabi/12.3.1/../../../../arm-none-eabi/lib/thumb/v7e-m+fp/hard\libc_nano.a(libc_a-mlock.o)
 .ARM.attributes
                0x000007c7       0x34 C:/ST/STM32CubeIDE_1.16.1/STM32CubeIDE/plugins/com.st.stm32cube.ide.mcu.externaltools.gnu-tools-for-stm32.12.3.rel1.win32_1.0.200.202406191623/tools/bin/../lib/gcc/arm-none-eabi/12.3.1/../../../../arm-none-eabi/lib/thumb/v7e-m+fp/hard\libc_nano.a(libc_a-findfp.o)
 .ARM.attributes
                0x000007fb       0x34 C:/ST/STM32CubeIDE_1.16.1/STM32CubeIDE/plugins/com.st.stm32cube.ide.mcu.externaltools.gnu-tools-for-stm32.12.3.rel1.win32_1.0.200.202406191623/tools/bin/../lib/gcc/arm-none-eabi/12.3.1/../../../../arm-none-eabi/lib/thumb/v7e-m+fp/hard\libc_nano.a(libc_a-memset.o)
 .ARM.attributes
                0x0000082f       0x34 C:/ST/STM32CubeIDE_1.16.1/STM32CubeIDE/plugins/com.st.stm32cube.ide.mcu.externaltools.gnu-tools-for-stm32.12.3.rel1.win32_1.0.200.202406191623/tools/bin/../lib/gcc/arm-none-eabi/12.3.1/../../../../arm-none-eabi/lib/thumb/v7e-m+fp/hard\libc_nano.a(libc_a-reent.o)
 .ARM.attributes
                0x00000863       0x34 C:/ST/STM32CubeIDE_1.16.1/STM32CubeIDE/plugins/com.st.stm32cube.ide.mcu.externaltools.gnu-tools-for-stm32.12.3.rel1.win32_1.0.200.202406191623/tools/bin/../lib/gcc/arm-none-eabi/12.3.1/../../../../arm-none-eabi/lib/thumb/v7e-m+fp/hard\libc_nano.a(libc_a-impure.o)
 .ARM.attributes
                0x00000897       0x34 C:/ST/STM32CubeIDE_1.16.1/STM32CubeIDE/plugins/com.st.stm32cube.ide.mcu.externaltools.gnu-tools-for-stm32.12.3.rel1.win32_1.0.200.202406191623/tools/bin/../lib/gcc/arm-none-eabi/12.3.1/../../../../arm-none-eabi/lib/thumb/v7e-m+fp/hard\libc_nano.a(libc_a-init.o)
 .ARM.attributes
                0x000008cb       0x34 C:/ST/STM32CubeIDE_1.16.1/STM32CubeIDE/plugins/com.st.stm32cube.ide.mcu.externaltools.gnu-tools-for-stm32.12.3.rel1.win32_1.0.200.202406191623/tools/bin/../lib/gcc/arm-none-eabi/12.3.1/../../../../arm-none-eabi/lib/thumb/v7e-m+fp/hard\libc_nano.a(libc_a-lock.o)
 .ARM.attributes
                0x000008ff       0x34 C:/ST/STM32CubeIDE_1.16.1/STM32CubeIDE/plugins/com.st.stm32cube.ide.mcu.externaltools.gnu-tools-for-stm32.12.3.rel1.win32_1.0.200.202406191623/tools/bin/../lib/gcc/arm-none-eabi/12.3.1/../../../../arm-none-eabi/lib/thumb/v7e-m+fp/hard\libc_nano.a(libc_a-memcpy-stub.o)
 .ARM.attributes
                0x00000933       0x34 C:/ST/STM32CubeIDE_1.16.1/STM32CubeIDE/plugins/com.st.stm32cube.ide.mcu.externaltools.gnu-tools-for-stm32.12.3.rel1.win32_1.0.200.202406191623/tools/bin/../lib/gcc/arm-none-eabi/12.3.1/../../../../arm-none-eabi/lib/thumb/v7e-m+fp/hard\libc_nano.a(libc_a-freer.o)
 .ARM.attributes
                0x00000967       0x22 C:/ST/STM32CubeIDE_1.16.1/STM32CubeIDE/plugins/com.st.stm32cube.ide.mcu.externaltools.gnu-tools-for-stm32.12.3.rel1.win32_1.0.200.202406191623/tools/bin/../lib/gcc/arm-none-eabi/12.3.1/thumb/v7e-m+fp/hard\libgcc.a(_aeabi_uldivmod.o)
 .ARM.attributes
                0x00000989       0x34 C:/ST/STM32CubeIDE_1.16.1/STM32CubeIDE/plugins/com.st.stm32cube.ide.mcu.externaltools.gnu-tools-for-stm32.12.3.rel1.win32_1.0.200.202406191623/tools/bin/../lib/gcc/arm-none-eabi/12.3.1/thumb/v7e-m+fp/hard\libgcc.a(_udivmoddi4.o)
 .ARM.attributes
                0x000009bd       0x22 C:/ST/STM32CubeIDE_1.16.1/STM32CubeIDE/plugins/com.st.stm32cube.ide.mcu.externaltools.gnu-tools-for-stm32.12.3.rel1.win32_1.0.200.202406191623/tools/bin/../lib/gcc/arm-none-eabi/12.3.1/thumb/v7e-m+fp/hard\libgcc.a(_dvmd_tls.o)
 .ARM.attributes