../Core/Src/main.c:138:6:Update_CAN_Message1	24	static
../Core/Src/main.c:181:9:updateDebounce	16	static
../Core/Src/main.c:194:6:CruiseControlManagement	4	static
../Core/Src/main.c:200:6:HAL_GPIO_EXTI_Callback	16	static
../Core/Src/main.c:210:5:main	24	static
../Core/Src/main.c:312:6:SystemClock_Config	96	static
../Core/Src/main.c:357:13:MX_ADC1_Init	48	static
../Core/Src/main.c:424:13:MX_CAN1_Init	8	static
../Core/Src/main.c:461:13:MX_CAN2_Init	8	static
../Core/Src/main.c:498:13:MX_I2C4_Init	8	static
../Core/Src/main.c:546:13:MX_UART4_Init	8	static
../Core/Src/main.c:579:13:MX_DMA_Init	16	static
../Core/Src/main.c:597:13:MX_GPIO_Init	40	static
../Core/Src/main.c:633:6:HAL_UART_RxCpltCallback	16	static
../Core/Src/main.c:680:6:StartTask01	24	static
../Core/Src/main.c:702:6:StartTask02	40	static
../Core/Src/main.c:727:6:StartTask03	56	static
../Core/Src/main.c:784:6:StartTask04	16	static
../Core/Src/main.c:811:6:HAL_TIM_PeriodElapsedCallback	16	static
../Core/Src/main.c:825:6:HAL_ADC_ConvCpltCallback	64	static
../Core/Src/main.c:864:6:Error_Handler	4	static,ignoring_inline_asm
