../Core/Src/main.c:135:6:Update_CAN_Message1	32	static
../Core/Src/main.c:195:6:CruiseControlManagement	4	static
../Core/Src/main.c:210:6:HAL_GPIO_EXTI_Callback	16	static
../Core/Src/main.c:220:5:main	24	static
../Core/Src/main.c:330:6:SystemClock_Config	96	static
../Core/Src/main.c:375:13:MX_ADC1_Init	48	static
../Core/Src/main.c:514:13:MX_CAN1_Init	8	static
../Core/Src/main.c:551:13:MX_CAN2_Init	8	static
../Core/Src/main.c:588:13:MX_I2C4_Init	8	static
../Core/Src/main.c:636:13:MX_UART4_Init	8	static
../Core/Src/main.c:669:13:MX_DMA_Init	16	static
../Core/Src/main.c:687:13:MX_GPIO_Init	40	static
../Core/Src/main.c:723:6:HAL_UART_RxCpltCallback	24	static
../Core/Src/main.c:800:6:StartTask01	16	static
../Core/Src/main.c:814:6:HAL_ADC_ConvCpltCallback	16	static
../Core/Src/main.c:825:6:StartTask02	64	static
../Core/Src/main.c:883:6:StartTask03	80	static
../Core/Src/main.c:944:6:StartTask04	32	static
../Core/Src/main.c:994:6:HAL_TIM_PeriodElapsedCallback	16	static
../Core/Src/main.c:1011:6:Error_Handler	4	static,ignoring_inline_asm
