../Core/Src/main.c:113:6:HAL_GPIO_EXTI_Callback	16	static
../Core/Src/main.c:130:5:main	16	static
../Core/Src/main.c:226:6:SystemClock_Config	96	static
../Core/Src/main.c:271:13:MX_ADC1_Init	48	static
../Core/Src/main.c:338:13:MX_CAN1_Init	8	static
../Core/Src/main.c:375:13:MX_CAN2_Init	8	static
../Core/Src/main.c:412:13:MX_I2C4_Init	8	static
../Core/Src/main.c:460:13:MX_UART4_Init	8	static
../Core/Src/main.c:495:13:MX_GPIO_Init	40	static
../Core/Src/main.c:541:6:StartTask01	16	static
../Core/Src/main.c:560:6:StartTask02	16	static
../Core/Src/main.c:587:6:StartTask03	16	static
../Core/Src/main.c:605:6:StartTask04	16	static
../Core/Src/main.c:632:6:HAL_TIM_PeriodElapsedCallback	16	static
../Core/Src/main.c:649:6:Error_Handler	4	static,ignoring_inline_asm
