../Core/Src/main.cpp:132:5:int main()	8	static
../Core/Src/main.cpp:239:6:void SystemClock_Config()	96	static
../Core/Src/main.cpp:284:13:void MX_ADC1_Init()	48	static
../Core/Src/main.cpp:423:13:void MX_CAN1_Init()	8	static
../Core/Src/main.cpp:460:13:void MX_CAN2_Init()	8	static
../Core/Src/main.cpp:497:13:void MX_I2C4_Init()	8	static
../Core/Src/main.cpp:545:13:void MX_UART4_Init()	8	static
../Core/Src/main.cpp:578:13:void MX_DMA_Init()	16	static
../Core/Src/main.cpp:596:13:void MX_GPIO_Init()	40	static
../Core/Src/main.cpp:687:6:void HAL_TIM_PeriodElapsedCallback(TIM_HandleTypeDef*)	16	static
../Core/Src/main.cpp:704:6:void Error_Handler()	4	static,ignoring_inline_asm
