../Core/Src/main.c:131:6:Update_CAN_Message1	32	static
../Core/Src/main.c:191:9:updateDebounce	16	static
../Core/Src/main.c:204:6:CruiseControlManagement	4	static
../Core/Src/main.c:211:6:HAL_GPIO_EXTI_Callback	16	static
../Core/Src/main.c:221:5:main	24	static
../Core/Src/main.c:328:6:SystemClock_Config	96	static
../Core/Src/main.c:373:13:MX_ADC1_Init	48	static
../Core/Src/main.c:440:13:MX_CAN1_Init	8	static
../Core/Src/main.c:477:13:MX_CAN2_Init	8	static
../Core/Src/main.c:514:13:MX_I2C4_Init	8	static
../Core/Src/main.c:562:13:MX_UART4_Init	8	static
../Core/Src/main.c:597:13:MX_GPIO_Init	40	static
../Core/Src/main.c:633:6:HAL_UART_RxCpltCallback	16	static
../Core/Src/main.c:680:6:StartTask01	24	static
../Core/Src/main.c:704:6:StartTask02	16	static
../Core/Src/main.c:731:6:StartTask03	48	static
../Core/Src/main.c:786:6:StartTask04	16	static
../Core/Src/main.c:813:6:HAL_TIM_PeriodElapsedCallback	16	static
../Core/Src/main.c:830:6:Error_Handler	4	static,ignoring_inline_asm
