../Core/Src/main.c:139:6:Update_CAN_Message1	24	static
../Core/Src/main.c:182:9:updateDebounce	16	static
../Core/Src/main.c:195:6:CruiseControlManagement	4	static
../Core/Src/main.c:201:6:HAL_GPIO_EXTI_Callback	16	static
../Core/Src/main.c:211:5:main	24	static
../Core/Src/main.c:313:6:SystemClock_Config	96	static
../Core/Src/main.c:358:13:MX_ADC1_Init	48	static
../Core/Src/main.c:425:13:MX_CAN1_Init	8	static
../Core/Src/main.c:462:13:MX_CAN2_Init	8	static
../Core/Src/main.c:499:13:MX_I2C4_Init	8	static
../Core/Src/main.c:547:13:MX_UART4_Init	8	static
../Core/Src/main.c:580:13:MX_DMA_Init	16	static
../Core/Src/main.c:598:13:MX_GPIO_Init	40	static
../Core/Src/main.c:634:6:HAL_UART_RxCpltCallback	16	static
../Core/Src/main.c:681:6:StartTask01	24	static
../Core/Src/main.c:703:6:StartTask02	80	static
../Core/Src/main.c:760:6:StartTask03	56	static
../Core/Src/main.c:817:6:StartTask04	16	static
../Core/Src/main.c:844:6:HAL_TIM_PeriodElapsedCallback	16	static
../Core/Src/main.c:858:6:HAL_ADC_ConvCpltCallback	16	static
../Core/Src/main.c:871:6:Error_Handler	4	static,ignoring_inline_asm
