../Core/Src/main.c:106:6:HAL_GPIO_EXTI_Callback	16	static
../Core/Src/main.c:117:5:main	16	static
../Core/Src/main.c:213:6:SystemClock_Config	96	static
../Core/Src/main.c:258:13:MX_ADC1_Init	48	static
../Core/Src/main.c:325:13:MX_CAN1_Init	8	static
../Core/Src/main.c:362:13:MX_CAN2_Init	8	static
../Core/Src/main.c:399:13:MX_I2C4_Init	8	static
../Core/Src/main.c:447:13:MX_GPIO_Init	40	static
../Core/Src/main.c:493:6:StartTask01	16	static
../Core/Src/main.c:512:6:StartTask02	16	static
../Core/Src/main.c:539:6:StartTask03	16	static
../Core/Src/main.c:557:6:StartTask04	16	static
../Core/Src/main.c:576:6:HAL_TIM_PeriodElapsedCallback	16	static
../Core/Src/main.c:593:6:Error_Handler	4	static,ignoring_inline_asm
