../Core/Src/main.c:130:6:Update_CAN_Message1	32	static
../Core/Src/main.c:190:9:updateDebounce	16	static
../Core/Src/main.c:203:6:CruiseControlManagement	4	static
../Core/Src/main.c:216:6:HAL_GPIO_EXTI_Callback	16	static
../Core/Src/main.c:226:5:main	24	static
../Core/Src/main.c:338:6:SystemClock_Config	96	static
../Core/Src/main.c:383:13:MX_ADC1_Init	48	static
../Core/Src/main.c:450:13:MX_CAN1_Init	8	static
../Core/Src/main.c:487:13:MX_CAN2_Init	8	static
../Core/Src/main.c:524:13:MX_I2C4_Init	8	static
../Core/Src/main.c:572:13:MX_UART4_Init	8	static
../Core/Src/main.c:607:13:MX_GPIO_Init	40	static
../Core/Src/main.c:643:6:HAL_UART_RxCpltCallback	24	static
../Core/Src/main.c:720:6:StartTask01	24	static
../Core/Src/main.c:744:6:StartTask02	16	static
../Core/Src/main.c:771:6:StartTask03	48	static
../Core/Src/main.c:826:6:StartTask04	32	static
../Core/Src/main.c:874:6:HAL_TIM_PeriodElapsedCallback	16	static
../Core/Src/main.c:891:6:Error_Handler	4	static,ignoring_inline_asm
