../Core/Src/User.cpp:20:6:void CPP_UserSetup()	16	static
../Core/Src/User.cpp:63:6:void StartTask01(void*)	56	static
../Core/Src/User.cpp:96:6:void StartTask02(void*)	88	static
../Core/Src/User.cpp:188:6:void StartTask03(void*)	80	static
../Core/Src/User.cpp:244:6:void StartTask04(void*)	24	static
../Core/Src/User.cpp:283:6:void StartTask05(void*)	64	static
../Core/Src/User.cpp:424:6:void Update_CAN_Message1(uint8_t*, uint8_t*, uint8_t*)	32	static
../Core/Src/User.cpp:506:6:void CruiseControlManagement()	4	static
../Core/Src/User.cpp:520:6:void Init_CAN_Filter1(CAN_HandleTypeDef&)	56	static
../Core/Src/User.cpp:555:6:void HAL_UART_RxCpltCallback(UART_HandleTypeDef*)	16	static
../Core/Src/User.cpp:568:6:void HAL_ADC_ConvCpltCallback(ADC_HandleTypeDef*)	16	static
../Core/Src/User.cpp:573:6:void HAL_GPIO_EXTI_Callback(uint16_t)	16	static
../Core/Src/User.cpp:578:6:void HAL_CAN_RxFifo0MsgPendingCallback(CAN_HandleTypeDef*)	56	static
../Core/Src/User.cpp:653:1:void __static_initialization_and_destruction_0(int, int)	16	static
../Core/Src/User.cpp:653:1:cpp)	8	static
../Core/Src/User.cpp:653:1:cpp)	8	static
