../Core/Src/User.cpp:17:6:void CPP_UserSetup()	16	static
../Core/Src/User.cpp:61:6:void StartTask01(void*)	64	static
../Core/Src/User.cpp:96:6:void StartTask02(void*)	96	static
../Core/Src/User.cpp:189:6:void StartTask03(void*)	88	static
../Core/Src/User.cpp:252:6:void StartTask04(void*)	24	static
../Core/Src/User.cpp:292:6:void StartTask05(void*)	88	static
../Core/Src/User.cpp:450:6:void Update_CAN_Message1(uint8_t*, uint8_t*, uint8_t*)	32	static
../Core/Src/User.cpp:551:6:void CruiseControlManagement()	4	static
../Core/Src/User.cpp:565:6:void Init_CAN_Filter1(CAN_HandleTypeDef&)	56	static
../Core/Src/User.cpp:600:6:void Init_Screen(ILI9341&)	24	static
../Core/Src/User.cpp:635:6:void HAL_UART_RxCpltCallback(UART_HandleTypeDef*)	16	static
../Core/Src/User.cpp:648:6:void HAL_ADC_ConvCpltCallback(ADC_HandleTypeDef*)	16	static
../Core/Src/User.cpp:653:6:void HAL_GPIO_EXTI_Callback(uint16_t)	16	static
../Core/Src/User.cpp:658:6:void HAL_CAN_RxFifo0MsgPendingCallback(CAN_HandleTypeDef*)	96	static
../Core/Src/User.cpp:723:1:void __static_initialization_and_destruction_0(int, int)	16	static
../Core/Src/User.cpp:723:1:cpp)	8	static
../Core/Src/User.cpp:723:1:cpp)	8	static
