../Core/Src/User.cpp:17:6:void CPP_UserSetup()	16	static
../Core/Src/User.cpp:60:6:void StartTask01(void*)	56	static
../Core/Src/User.cpp:93:6:void StartTask02(void*)	88	static
../Core/Src/User.cpp:185:6:void StartTask03(void*)	80	static
../Core/Src/User.cpp:241:6:void StartTask04(void*)	24	static
../Core/Src/User.cpp:280:6:void StartTask05(void*)	56	static
../Core/Src/User.cpp:386:6:void Update_CAN_Message1(uint8_t*, uint8_t*, uint8_t*)	32	static
../Core/Src/User.cpp:468:6:void CruiseControlManagement()	4	static
../Core/Src/User.cpp:482:6:void Init_CAN_Filter1(CAN_HandleTypeDef&)	56	static
../Core/Src/User.cpp:517:6:void HAL_UART_RxCpltCallback(UART_HandleTypeDef*)	16	static
../Core/Src/User.cpp:530:6:void HAL_ADC_ConvCpltCallback(ADC_HandleTypeDef*)	16	static
../Core/Src/User.cpp:535:6:void HAL_GPIO_EXTI_Callback(uint16_t)	16	static
../Core/Src/User.cpp:540:6:void HAL_CAN_RxFifo0MsgPendingCallback(CAN_HandleTypeDef*)	104	static
../Core/Src/User.cpp:600:1:void __static_initialization_and_destruction_0(int, int)	16	static
../Core/Src/User.cpp:600:1:cpp)	8	static
../Core/Src/User.cpp:600:1:cpp)	8	static
