../Core/Src/User.cpp:17:6:void CPP_UserSetup()	32	static
../Core/Src/User.cpp:85:6:void StartTask01(void*)	56	static
../Core/Src/User.cpp:116:6:void StartTask02(void*)	88	static
../Core/Src/User.cpp:208:6:void StartTask03(void*)	80	static
../Core/Src/User.cpp:264:6:void StartTask04(void*)	24	static
../Core/Src/User.cpp:303:6:void StartTask05(void*)	80	static
../Core/Src/User.cpp:437:6:void Update_CAN_Message1(uint8_t*, uint8_t*, uint8_t*)	32	static
../Core/Src/User.cpp:519:6:void CruiseControlManagement()	4	static
../Core/Src/User.cpp:533:6:void Init_CAN_Filter1(CAN_HandleTypeDef&)	56	static
../Core/Src/User.cpp:552:6:void HAL_UART_RxCpltCallback(UART_HandleTypeDef*)	16	static
../Core/Src/User.cpp:565:6:void HAL_ADC_ConvCpltCallback(ADC_HandleTypeDef*)	16	static
../Core/Src/User.cpp:570:6:void HAL_GPIO_EXTI_Callback(uint16_t)	16	static
../Core/Src/User.cpp:575:6:void HAL_CAN_RxFifo0MsgPendingCallback(CAN_HandleTypeDef*)	104	static
../Core/Src/User.cpp:635:1:void __static_initialization_and_destruction_0(int, int)	16	static
../Core/Src/User.cpp:635:1:cpp)	8	static
../Core/Src/User.cpp:635:1:cpp)	8	static
