../Core/Src/User.cpp:17:6:void CPP_UserSetup()	16	static
../Core/Src/User.cpp:61:6:void StartTask01(void*)	64	static
../Core/Src/User.cpp:96:6:void StartTask02(void*)	96	static
../Core/Src/User.cpp:186:6:void StartTask03(void*)	88	static
../Core/Src/User.cpp:249:6:void StartTask04(void*)	24	static
../Core/Src/User.cpp:289:6:void StartTask05(void*)	88	static
../Core/Src/User.cpp:450:6:void Update_CAN_Message1(uint8_t*, uint8_t*, uint8_t*)	32	static
../Core/Src/User.cpp:551:6:void CruiseControlManagement()	4	static
../Core/Src/User.cpp:565:6:void Init_CAN_Filter1(CAN_HandleTypeDef&)	56	static
../Core/Src/User.cpp:583:6:void Init_Screen(ILI9341&)	24	static
../Core/Src/User.cpp:618:6:void HAL_UART_RxCpltCallback(UART_HandleTypeDef*)	16	static
../Core/Src/User.cpp:631:6:void HAL_ADC_ConvCpltCallback(ADC_HandleTypeDef*)	16	static
../Core/Src/User.cpp:636:6:void HAL_GPIO_EXTI_Callback(uint16_t)	16	static
../Core/Src/User.cpp:641:6:void HAL_CAN_RxFifo0MsgPendingCallback(CAN_HandleTypeDef*)	96	static
../Core/Src/User.cpp:708:1:void __static_initialization_and_destruction_0()	8	static
../Core/Src/User.cpp:708:1:void __static_initialization_and_destruction_1()	8	static
../Core/Src/User.cpp:708:1:cpp)	8	static
../Core/Src/User.cpp:708:1:cpp)	8	static
