../Core/Src/User.cpp:17:6:void CPP_UserSetup()	32	static
../Core/Src/User.cpp:68:6:void StartTask01(void*)	16	static
../Core/Src/User.cpp:81:6:void StartTask02(void*)	88	static
../Core/Src/User.cpp:173:6:void StartTask03(void*)	80	static
../Core/Src/User.cpp:228:6:void StartTask04(void*)	32	static
../Core/Src/User.cpp:260:6:void StartTask05(void*)	32	static
../Core/Src/User.cpp:341:6:void Update_CAN_Message1(uint8_t*, uint8_t*, uint8_t*)	32	static
../Core/Src/User.cpp:423:6:void CruiseControlManagement()	4	static
../Core/Src/User.cpp:436:6:void HAL_UART_RxCpltCallback(UART_HandleTypeDef*)	16	static
../Core/Src/User.cpp:450:6:void HAL_ADC_ConvCpltCallback(ADC_HandleTypeDef*)	16	static
../Core/Src/User.cpp:454:6:void HAL_GPIO_EXTI_Callback(uint16_t)	16	static
../Core/Src/User.cpp:457:1:void __static_initialization_and_destruction_0(int, int)	16	static
../Core/Src/User.cpp:457:1:cpp)	8	static
../Core/Src/User.cpp:457:1:cpp)	8	static
