../Core/Src/Drivers/ILI9341.cpp:34:1:ILI9341::ILI9341(int16_t, int16_t)	16	static
../Core/Src/Drivers/ILI9341.cpp:46:1:ILI9341::~ILI9341()	16	static
../Core/Src/Drivers/ILI9341.cpp:46:1:virtual ILI9341::~ILI9341()	16	static
../Core/Src/Drivers/ILI9341.cpp:54:6:void ILI9341::Init()	40	static
../Core/Src/Drivers/ILI9341.cpp:102:6:void ILI9341::Reset()	16	static
../Core/Src/Drivers/ILI9341.cpp:111:13:void ILI9341::Write(uint8_t)	16	static
../Core/Src/Drivers/ILI9341.cpp:147:6:void ILI9341::TransmitCmd(uint8_t)	16	static
../Core/Src/Drivers/ILI9341.cpp:163:6:void ILI9341::Transmit8bitData(uint8_t)	16	static
../Core/Src/Drivers/ILI9341.cpp:175:6:void ILI9341::Transmit16bitData(uint16_t)	16	static
../Core/Src/Drivers/ILI9341.cpp:189:6:void ILI9341::Transmit32bitData(uint32_t)	16	static
../Core/Src/Drivers/ILI9341.cpp:209:6:char ILI9341::SetWindow(uint16_t, uint16_t, uint16_t, uint16_t)	24	static
../Core/Src/Drivers/ILI9341.cpp:245:6:char ILI9341::DrawPixel(uint16_t, uint16_t, uint16_t)	32	static
../Core/Src/Drivers/ILI9341.cpp:260:6:void ILI9341::SendColor565(uint16_t, uint32_t)	24	static
../Core/Src/Drivers/ILI9341.cpp:275:6:void ILI9341::Flood(uint16_t, uint32_t)	24	static
../Core/Src/Drivers/ILI9341.cpp:318:6:void ILI9341::ClearScreen(uint16_t)	24	static
../Core/Src/Drivers/ILI9341.cpp:328:6:void ILI9341::DrawFastHLine(uint16_t, uint16_t, uint16_t, uint16_t)	40	static
../Core/Src/Drivers/ILI9341.cpp:350:6:void ILI9341::DrawFastVLine(uint16_t, uint16_t, uint16_t, uint16_t)	40	static
../Core/Src/Drivers/ILI9341.cpp:371:6:void ILI9341::SetRotation(uint8_t)	24	static
../Core/Src/Drivers/ILI9341.cpp:403:6:void ILI9341::SetTextSize(uint8_t)	16	static
../Core/Src/Drivers/ILI9341.cpp:408:6:void ILI9341::DrawChar(int16_t, int16_t, unsigned char, uint16_t, uint8_t)	48	static
../Core/Src/Drivers/ILI9341.cpp:414:6:void ILI9341::DrawChar(int16_t, int16_t, unsigned char, uint16_t, uint16_t, uint8_t, uint8_t)	48	static
../Core/Src/Drivers/ILI9341.cpp:443:6:void ILI9341::DrawText(uint16_t, uint16_t, const char*, uint16_t)	40	static
../Core/Src/Drivers/ILI9341.cpp:472:6:void ILI9341::DrawRect(uint16_t, uint16_t, uint16_t, uint16_t, uint16_t)	32	static
../Core/Src/Drivers/ILI9341.cpp:480:6:void ILI9341::FillRect(uint16_t, uint16_t, uint16_t, uint16_t, uint16_t)	40	static
../Core/Src/Drivers/ILI9341.cpp:508:6:void ILI9341::FillCircle(uint16_t, uint16_t, uint16_t, uint16_t)	40	static
